Component: ARM Compiler 5.06 update 4 (build 422) Tool: armlink [4d35d2]

==============================================================================

Section Cross References

    main.o(.text) refers to misc.o(.text) for NVIC_PriorityGroupConfig
    main.o(.text) refers to delay.o(.text) for delay_init
    main.o(.text) refers to usart.o(.text) for uart_init
    main.o(.text) refers to led.o(.text) for LED_Init
    main.o(.text) refers to pwm.o(.text) for TIM2_PWM_Init
    main.o(.text) refers to timer.o(.text) for TIM3_Config
    main.o(.text) refers to bsp_sccb.o(.text) for SCCB_Init
    main.o(.text) refers to bsp_ov7725.o(.text) for Ov7725_GPIO_Config
    main.o(.text) refers to stm32f4xx_gpio.o(.text) for GPIO_ResetBits
    main.o(.text) refers to image_process.o(.text) for image_process
    main.o(.text) refers to bsp_ov7725.o(.data) for Ov7725_vsync
    stm32f4xx_it.o(.text) refers to stm32f4xx_exti.o(.text) for EXTI_GetITStatus
    stm32f4xx_it.o(.text) refers to stm32f4xx_gpio.o(.text) for GPIO_ResetBits
    stm32f4xx_it.o(.text) refers to stm32f4xx_tim.o(.text) for TIM_GetITStatus
    stm32f4xx_it.o(.text) refers to delay.o(.text) for delay_ms
    stm32f4xx_it.o(.text) refers to bsp_ov7725.o(.data) for Ov7725_vsync
    stm32f4xx_it.o(.text) refers to stm32f4xx_it.o(.data) for time1
    stm32f4xx_it.o(.text) refers to pid.o(.data) for stop_flag
    system_stm32f4xx.o(.text) refers to system_stm32f4xx.o(.data) for SystemCoreClock
    led.o(.text) refers to stm32f4xx_rcc.o(.text) for RCC_AHB1PeriphClockCmd
    led.o(.text) refers to stm32f4xx_gpio.o(.text) for GPIO_Init
    pwm.o(.text) refers to stm32f4xx_rcc.o(.text) for RCC_AHB1PeriphClockCmd
    pwm.o(.text) refers to stm32f4xx_gpio.o(.text) for GPIO_PinAFConfig
    pwm.o(.text) refers to stm32f4xx_tim.o(.text) for TIM_TimeBaseInit
    pwm.o(.text) refers to delay.o(.text) for delay_ms
    bsp_ov7725.o(.text) refers to stm32f4xx_gpio.o(.text) for GPIO_Init
    bsp_ov7725.o(.text) refers to stm32f4xx_rcc.o(.text) for RCC_AHB1PeriphClockCmd
    bsp_ov7725.o(.text) refers to misc.o(.text) for NVIC_PriorityGroupConfig
    bsp_ov7725.o(.text) refers to stm32f4xx_syscfg.o(.text) for SYSCFG_EXTILineConfig
    bsp_ov7725.o(.text) refers to stm32f4xx_exti.o(.text) for EXTI_Init
    bsp_ov7725.o(.text) refers to bsp_sccb.o(.text) for SCCB_WR_Reg
    bsp_ov7725.o(.text) refers to usart.o(.text) for Usart_Senddata
    bsp_ov7725.o(.text) refers to bsp_ov7725.o(.data) for Sensor_Config
    bsp_ov7725.o(.text) refers to bsp_ov7725.o(.bss) for image_data
    bsp_sccb.o(.text) refers to stm32f4xx_rcc.o(.text) for RCC_AHB1PeriphClockCmd
    bsp_sccb.o(.text) refers to stm32f4xx_gpio.o(.text) for GPIO_Init
    bsp_sccb.o(.text) refers to delay.o(.text) for delay_us
    timer.o(.text) refers to stm32f4xx_rcc.o(.text) for RCC_APB1PeriphClockCmd
    timer.o(.text) refers to stm32f4xx_tim.o(.text) for TIM_TimeBaseInit
    timer.o(.text) refers to misc.o(.text) for NVIC_Init
    image_process.o(.text) refers to fflt_clz.o(x$fpl$fflt) for __aeabi_i2f
    image_process.o(.text) refers to faddsub_clz.o(x$fpl$fadd) for __aeabi_fadd
    image_process.o(.text) refers to fdiv.o(x$fpl$fdiv) for __aeabi_fdiv
    image_process.o(.text) refers to fleqf.o(x$fpl$fleqf) for __aeabi_cfcmple
    image_process.o(.text) refers to usart.o(.text) for Usart_Senddata
    image_process.o(.text) refers to pid.o(.text) for motor_control
    image_process.o(.text) refers to bsp_ov7725.o(.bss) for image_data
    image_process.o(.text) refers to image_process.o(.data) for final_white_count
    image_process.o(.text) refers to image_process.o(.bss) for mid_line
    bsp_exti.o(.text) refers to misc.o(.text) for NVIC_PriorityGroupConfig
    bsp_exti.o(.text) refers to stm32f4xx_rcc.o(.text) for RCC_AHB1PeriphClockCmd
    bsp_exti.o(.text) refers to stm32f4xx_gpio.o(.text) for GPIO_Init
    bsp_exti.o(.text) refers to stm32f4xx_syscfg.o(.text) for SYSCFG_EXTILineConfig
    bsp_exti.o(.text) refers to stm32f4xx_exti.o(.text) for EXTI_Init
    pid.o(.text) refers to f2d.o(x$fpl$f2d) for __aeabi_f2d
    pid.o(.text) refers to dleqf.o(x$fpl$dleqf) for __aeabi_cdcmple
    pid.o(.text) refers to drleqf.o(x$fpl$drleqf) for __aeabi_cdrcmple
    pid.o(.text) refers to faddsub_clz.o(x$fpl$fsub) for __aeabi_fsub
    pid.o(.text) refers to fmul.o(x$fpl$fmul) for __aeabi_fmul
    pid.o(.text) refers to dmul.o(x$fpl$dmul) for __aeabi_dmul
    pid.o(.text) refers to daddsub_clz.o(x$fpl$dadd) for __aeabi_dadd
    pid.o(.text) refers to d2f.o(x$fpl$d2f) for __aeabi_d2f
    pid.o(.text) refers to faddsub_clz.o(x$fpl$fadd) for __aeabi_fadd
    pid.o(.text) refers to frleqf.o(x$fpl$frleqf) for __aeabi_cfrcmple
    pid.o(.text) refers to fleqf.o(x$fpl$fleqf) for __aeabi_cfcmple
    pid.o(.text) refers to ffixu.o(x$fpl$ffixu) for __aeabi_f2uiz
    pid.o(.text) refers to image_process.o(.data) for current_err
    pid.o(.text) refers to pid.o(.data) for stop_flag
[...]
    Removing led.o(.rev16_text), (4 bytes).
    Removing led.o(.revsh_text), (4 bytes).
    Removing pwm.o(.rev16_text), (4 bytes).
    Removing pwm.o(.revsh_text), (4 bytes).
    Removing bsp_ov7725.o(.rev16_text), (4 bytes).
    Removing bsp_ov7725.o(.revsh_text), (4 bytes).
    Removing bsp_sccb.o(.rev16_text), (4 bytes).
    Removing bsp_sccb.o(.revsh_text), (4 bytes).
    Removing timer.o(.rev16_text), (4 bytes).
    Removing timer.o(.revsh_text), (4 bytes).
    Removing image_process.o(.rev16_text), (4 bytes).
    Removing image_process.o(.revsh_text), (4 bytes).
    Removing bsp_exti.o(.rev16_text), (4 bytes).
    Removing bsp_exti.o(.revsh_text), (4 bytes).
    Removing bsp_exti.o(.text), (124 bytes).
    Removing pid.o(.rev16_text), (4 bytes).
    Removing pid.o(.revsh_text), (4 bytes).
    Removing delay.o(.rev16_text), (4 bytes).
    Removing delay.o(.revsh_text), (4 bytes).
    Removing sys.o(.rev16_text), (4 bytes).
    Removing sys.o(.revsh_text), (4 bytes).
    Removing sys.o(.emb_text), (16 bytes).
    Removing usart.o(.rev16_text), (4 bytes).
    Removing usart.o(.revsh_text), (4 bytes).
    Removing misc.o(.rev16_text), (4 bytes).
    Removing misc.o(.revsh_text), (4 bytes).
    Removing stm32f4xx_gpio.o(.rev16_text), (4 bytes).
    Removing stm32f4xx_gpio.o(.revsh_text), (4 bytes).
    Removing stm32f4xx_usart.o(.rev16_text), (4 bytes).
    Removing stm32f4xx_usart.o(.revsh_text), (4 bytes).
    Removing stm32f4xx_tim.o(.rev16_text), (4 bytes).
    Removing stm32f4xx_tim.o(.revsh_text), (4 bytes).
    Removing stm32f4xx_syscfg.o(.rev16_text), (4 bytes).
    Removing stm32f4xx_syscfg.o(.revsh_text), (4 bytes).
    Removing stm32f4xx_rcc.o(.rev16_text), (4 bytes).
    Removing stm32f4xx_rcc.o(.revsh_text), (4 bytes).
    Removing stm32f4xx_i2c.o(.rev16_text), (4 bytes).
    Removing stm32f4xx_i2c.o(.revsh_text), (4 bytes).
    Removing stm32f4xx_i2c.o(.text), (1110 bytes).
    Removing stm32f4xx_exti.o(.rev16_text), (4 bytes).
    Removing stm32f4xx_exti.o(.revsh_text), (4 bytes).

47 unused section(s) (total 1426 bytes) removed from the image.

==============================================================================

Image Symbol Table

    Local Symbols

    Symbol Name                              Value     Ov Type        Size  Object(Section)

    ../clib/angel/boardlib.s                 0x00000000   Number         0  boardinit3.o ABSOLUTE
    ../clib/angel/boardlib.s                 0x00000000   Number         0  boardshut.o ABSOLUTE
    ../clib/angel/boardlib.s                 0x00000000   Number         0  boardinit2.o ABSOLUTE
    ../clib/angel/boardlib.s                 0x00000000   Number         0  boardinit1.o ABSOLUTE
    ../clib/angel/handlers.s                 0x00000000   Number         0  __scatter_zi.o ABSOLUTE
    ../clib/angel/handlers.s                 0x00000000   Number         0  __scatter_copy.o ABSOLUTE
    ../clib/angel/kernel.s                   0x00000000   Number         0  __rtentry4.o ABSOLUTE
    ../clib/angel/kernel.s                   0x00000000   Number         0  __rtentry.o ABSOLUTE
    ../clib/angel/kernel.s                   0x00000000   Number         0  rtexit2.o ABSOLUTE
    ../clib/angel/kernel.s                   0x00000000   Number         0  rtexit.o ABSOLUTE
    ../clib/angel/kernel.s                   0x00000000   Number         0  __rtentry2.o ABSOLUTE
    ../clib/angel/rt.s                       0x00000000   Number         0  rt_raise.o ABSOLUTE
    ../clib/angel/scatter.s                  0x00000000   Number         0  __scatter.o ABSOLUTE
    ../clib/angel/startup.s                  0x00000000   Number         0  __main.o ABSOLUTE
    ../clib/angel/sys.s                      0x00000000   Number         0  use_no_semi.o ABSOLUTE
    ../clib/angel/sys.s                      0x00000000   Number         0  sys_stackheap_outer.o ABSOLUTE
    ../clib/angel/sys.s                      0x00000000   Number         0  indicate_semi.o ABSOLUTE
    ../clib/angel/sys.s                      0x00000000   Number         0  libspace.o ABSOLUTE
    ../clib/angel/sys.s                      0x00000000   Number         0  use_no_semi_2.o ABSOLUTE
    ../clib/angel/sysapp.c                   0x00000000   Number         0  sys_wrch.o ABSOLUTE
    ../clib/angel/sysapp.c                   0x00000000   Number         0  sys_command.o ABSOLUTE
    ../clib/armsys.c                         0x00000000   Number         0  argv_veneer.o ABSOLUTE
    ../clib/armsys.c                         0x00000000   Number         0  _get_argv_nomalloc.o ABSOLUTE
    ../clib/armsys.c                         0x00000000   Number         0  no_argv.o ABSOLUTE
    ../clib/armsys.c                         0x00000000   Number         0  argv_veneer.o ABSOLUTE
    ../clib/heapalloc.c                      0x00000000   Number         0  hrguard.o ABSOLUTE
    ../clib/heapaux.c                        0x00000000   Number         0  heapauxi.o ABSOLUTE
    ../clib/libinit.s                        0x00000000   Number         0  libshutdown.o ABSOLUTE
    ../clib/libinit.s                        0x00000000   Number         0  libinit.o ABSOLUTE
    ../clib/libinit.s                        0x00000000   Number         0  libinit2.o ABSOLUTE
    ../clib/libinit.s                        0x00000000   Number         0  libshutdown2.o ABSOLUTE
    ../clib/signal.c                         0x00000000   Number         0  defsig_fpe_inner.o ABSOLUTE
    ../clib/signal.c                         0x00000000   Number         0  defsig_abrt_inner.o ABSOLUTE
    ../clib/signal.c                         0x00000000   Number         0  defsig_pvfn_inner.o ABSOLUTE
    ../clib/signal.c                         0x00000000   Number         0  defsig_segv_inner.o ABSOLUTE
    ../clib/signal.c                         0x00000000   Number         0  defsig_other.o ABSOLUTE
    ../clib/signal.c                         0x00000000   Number         0  defsig_general.o ABSOLUTE
    ../clib/signal.c                         0x00000000   Number         0  defsig_stak_inner.o ABSOLUTE
    ../clib/signal.c                         0x00000000   Number         0  defsig_rtmem_inner.o ABSOLUTE
    ../clib/signal.c                         0x00000000   Number         0  defsig_exit.o ABSOLUTE
    ../clib/signal.c                         0x00000000   Number         0  defsig_rtred_inner.o ABSOLUTE
    ../clib/signal.c                         0x00000000   Number         0  defsig_rtmem_outer.o ABSOLUTE
    ../clib/signal.c                         0x00000000   Number         0  defsig_rtmem_formal.o ABSOLUTE
    ../clib/signal.c                         0x00000000   Number         0  defsig_cppl_inner.o ABSOLUTE
    ../clib/signal.c                         0x00000000   Number         0  __raise.o ABSOLUTE
    ../clib/signal.s                         0x00000000   Number         0  defsig.o ABSOLUTE
    ../clib/stdlib.c                         0x00000000   Number         0  exit.o ABSOLUTE
    ../fplib/d2f.s                           0x00000000   Number         0  d2f.o ABSOLUTE
    ../fplib/daddsub.s                       0x00000000   Number         0  daddsub_clz.o ABSOLUTE
    ../fplib/dcmpi.s                         0x00000000   Number         0  dcmpi.o ABSOLUTE
    ../fplib/dleqf.s                         0x00000000   Number         0  dleqf.o ABSOLUTE
    ../fplib/dmul.s                          0x00000000   Number         0  dmul.o ABSOLUTE
    ../fplib/dnaninf.s                       0x00000000   Number         0  dnaninf.o ABSOLUTE
    ../fplib/dretinf.s                       0x00000000   Number         0  dretinf.o ABSOLUTE
    ../fplib/drleqf.s                        0x00000000   Number         0  drleqf.o ABSOLUTE
    ../fplib/f2d.s                           0x00000000   Number         0  f2d.o ABSOLUTE
    ../fplib/faddsub.s                       0x00000000   Number         0  faddsub_clz.o ABSOLUTE
    ../fplib/fcmpi.s                         0x00000000   Number         0  fcmpi.o ABSOLUTE
    ../fplib/fdiv.s                          0x00000000   Number         0  fdiv.o ABSOLUTE
    ../fplib/ffixu.s                         0x00000000   Number         0  ffixu.o ABSOLUTE
    ../fplib/fflt.s                          0x00000000   Number         0  fflt_clz.o ABSOLUTE
    ../fplib/fleqf.s                         0x00000000   Number         0  fleqf.o ABSOLUTE
    ../fplib/fmul.s                          0x00000000   Number         0  fmul.o ABSOLUTE
    ../fplib/fnaninf.s                       0x00000000   Number         0  fnaninf.o ABSOLUTE
    ../fplib/fpinit.s                        0x00000000   Number         0  fpinit.o ABSOLUTE
    ../fplib/fretinf.s                       0x00000000   Number         0  fretinf.o ABSOLUTE
    ../fplib/frleqf.s                        0x00000000   Number         0  frleqf.o ABSOLUTE
    ../fplib/usenofp.s                       0x00000000   Number         0  usenofp.o ABSOLUTE
    ..\CORE\startup_stm32f40_41xxx.s         0x00000000   Number         0  startup_stm32f40_41xxx.o ABSOLUTE
    ..\FWLIB\src\misc.c                      0x00000000   Number         0  misc.o ABSOLUTE
    ..\FWLIB\src\stm32f4xx_exti.c            0x00000000   Number         0  stm32f4xx_exti.o ABSOLUTE
    ..\FWLIB\src\stm32f4xx_gpio.c            0x00000000   Number         0  stm32f4xx_gpio.o ABSOLUTE
    ..\FWLIB\src\stm32f4xx_i2c.c             0x00000000   Number         0  stm32f4xx_i2c.o ABSOLUTE
    ..\FWLIB\src\stm32f4xx_rcc.c             0x00000000   Number         0  stm32f4xx_rcc.o ABSOLUTE
    ..\FWLIB\src\stm32f4xx_syscfg.c          0x00000000   Number         0  stm32f4xx_syscfg.o ABSOLUTE
    ..\FWLIB\src\stm32f4xx_tim.c             0x00000000   Number         0  stm32f4xx_tim.o ABSOLUTE
    ..\FWLIB\src\stm32f4xx_usart.c           0x00000000   Number         0  stm32f4xx_usart.o ABSOLUTE
    ..\HARDWARE\LED\led.c                    0x00000000   Number         0  led.o ABSOLUTE
    ..\HARDWARE\PID\pid.c                    0x00000000   Number         0  pid.o ABSOLUTE
    ..\HARDWARE\PWM\pwm.c                    0x00000000   Number         0  pwm.o ABSOLUTE
    ..\HARDWARE\key\bsp_exti.c               0x00000000   Number         0  bsp_exti.o ABSOLUTE
    ..\HARDWARE\ov7725\bsp_ov7725.c          0x00000000   Number         0  bsp_ov7725.o ABSOLUTE
    ..\HARDWARE\process\image_process.c      0x00000000   Number         0  image_process.o ABSOLUTE
    ..\HARDWARE\sccb\bsp_sccb.c              0x00000000   Number         0  bsp_sccb.o ABSOLUTE
    ..\HARDWARE\timer\timer.c                0x00000000   Number         0  timer.o ABSOLUTE
    ..\SYSTEM\delay\delay.c                  0x00000000   Number         0  delay.o ABSOLUTE
    ..\SYSTEM\sys\sys.c                      0x00000000   Number         0  sys.o ABSOLUTE
    ..\SYSTEM\usart\usart.c                  0x00000000   Number         0  usart.o ABSOLUTE
    ..\\FWLIB\\src\\misc.c                   0x00000000   Number         0  misc.o ABSOLUTE
    ..\\FWLIB\\src\\stm32f4xx_exti.c         0x00000000   Number         0  stm32f4xx_exti.o ABSOLUTE
    ..\\FWLIB\\src\\stm32f4xx_gpio.c         0x00000000   Number         0  stm32f4xx_gpio.o ABSOLUTE
    ..\\FWLIB\\src\\stm32f4xx_i2c.c          0x00000000   Number         0  stm32f4xx_i2c.o ABSOLUTE
    ..\\FWLIB\\src\\stm32f4xx_rcc.c          0x00000000   Number         0  stm32f4xx_rcc.o ABSOLUTE
    ..\\FWLIB\\src\\stm32f4xx_syscfg.c       0x00000000   Number         0  stm32f4xx_syscfg.o ABSOLUTE
    ..\\FWLIB\\src\\stm32f4xx_tim.c          0x00000000   Number         0  stm32f4xx_tim.o ABSOLUTE
    ..\\FWLIB\\src\\stm32f4xx_usart.c        0x00000000   Number         0  stm32f4xx_usart.o ABSOLUTE
    ..\\HARDWARE\\LED\\led.c                 0x00000000   Number         0  led.o ABSOLUTE
    ..\\HARDWARE\\PID\\pid.c                 0x00000000   Number         0  pid.o ABSOLUTE
    ..\\HARDWARE\\PWM\\pwm.c                 0x00000000   Number         0  pwm.o ABSOLUTE
    ..\\HARDWARE\\key\\bsp_exti.c            0x00000000   Number         0  bsp_exti.o ABSOLUTE
    ..\\HARDWARE\\ov7725\\bsp_ov7725.c       0x00000000   Number         0  bsp_ov7725.o ABSOLUTE
    ..\\HARDWARE\\process\\image_process.c   0x00000000   Number         0  image_process.o ABSOLUTE
    ..\\HARDWARE\\sccb\\bsp_sccb.c           0x00000000   Number         0  bsp_sccb.o ABSOLUTE
    ..\\HARDWARE\\timer\\timer.c             0x00000000   Number         0  timer.o ABSOLUTE
    ..\\SYSTEM\\delay\\delay.c               0x00000000   Number         0  delay.o ABSOLUTE
    ..\\SYSTEM\\sys\\sys.c                   0x00000000   Number         0  sys.o ABSOLUTE
    ..\\SYSTEM\\usart\\usart.c               0x00000000   Number         0  usart.o ABSOLUTE
    dc.s                                     0x00000000   Number         0  dc.o ABSOLUTE
    main.c                                   0x00000000   Number         0  main.o ABSOLUTE
    main.c                                   0x00000000   Number         0  main.o ABSOLUTE
    stm32f4xx_it.c                           0x00000000   Number         0  stm32f4xx_it.o ABSOLUTE
    stm32f4xx_it.c                           0x00000000   Number         0  stm32f4xx_it.o ABSOLUTE
    system_stm32f4xx.c                       0x00000000   Number         0  system_stm32f4xx.o ABSOLUTE
    system_stm32f4xx.c                       0x00000000   Number         0  system_stm32f4xx.o ABSOLUTE
    RESET                                    0x08000000   Section      392  startup_stm32f40_41xxx.o(RESET)
    !!!main                                  0x08000188   Section        8  __main.o(!!!main)
    !!!scatter                               0x08000190   Section       52  __scatter.o(!!!scatter)
    !!handler_copy                           0x080001c4   Section       26  __scatter_copy.o(!!handler_copy)
    !!handler_zi                             0x080001e0   Section       28  __scatter_zi.o(!!handler_zi)
    .ARM.Collect$$libinit$$00000000          0x080001fc   Section        2  libinit.o(.ARM.Collect$$libinit$$00000000)
    .ARM.Collect$$libinit$$00000002          0x080001fe   Section        0  libinit2.o(.ARM.Collect$$libinit$$00000002)
    .ARM.Collect$$libinit$$00000004          0x080001fe   Section        0  libinit2.o(.ARM.Collect$$libinit$$00000004)
    .ARM.Collect$$libinit$$0000000A          0x080001fe   Section        0  libinit2.o(.ARM.Collect$$libinit$$0000000A)
    .ARM.Collect$$libinit$$0000000C          0x080001fe   Section        0  libinit2.o(.ARM.Collect$$libinit$$0000000C)
    .ARM.Collect$$libinit$$0000000E          0x080001fe   Section        0  libinit2.o(.ARM.Collect$$libinit$$0000000E)
    .ARM.Collect$$libinit$$00000011          0x080001fe   Section        0  libinit2.o(.ARM.Collect$$libinit$$00000011)
    .ARM.Collect$$libinit$$00000013          0x080001fe   Section        0  libinit2.o(.ARM.Collect$$libinit$$00000013)
    .ARM.Collect$$libinit$$00000015          0x080001fe   Section        0  libinit2.o(.ARM.Collect$$libinit$$00000015)
    .ARM.Collect$$libinit$$00000017          0x080001fe   Section        0  libinit2.o(.ARM.Collect$$libinit$$00000017)
    .ARM.Collect$$libinit$$00000019          0x080001fe   Section        0  libinit2.o(.ARM.Collect$$libinit$$00000019)
    .ARM.Collect$$libinit$$0000001B          0x080001fe   Section        0  libinit2.o(.ARM.Collect$$libinit$$0000001B)
    .ARM.Collect$$libinit$$0000001D          0x080001fe   Section        0  libinit2.o(.ARM.Collect$$libinit$$0000001D)
    .ARM.Collect$$libinit$$0000001F          0x080001fe   Section        0  libinit2.o(.ARM.Collect$$libinit$$0000001F)
    .ARM.Collect$$libinit$$00000021          0x080001fe   Section        0  libinit2.o(.ARM.Collect$$libinit$$00000021)
    .ARM.Collect$$libinit$$00000023          0x080001fe   Section        0  libinit2.o(.ARM.Collect$$libinit$$00000023)
    .ARM.Collect$$libinit$$00000025          0x080001fe   Section        0  libinit2.o(.ARM.Collect$$libinit$$00000025)
    .ARM.Collect$$libinit$$0000002C          0x080001fe   Section        0  libinit2.o(.ARM.Collect$$libinit$$0000002C)
    .ARM.Collect$$libinit$$0000002E          0x080001fe   Section        0  libinit2.o(.ARM.Collect$$libinit$$0000002E)
    .ARM.Collect$$libinit$$00000030          0x080001fe   Section        0  libinit2.o(.ARM.Collect$$libinit$$00000030)
    .ARM.Collect$$libinit$$00000032          0x080001fe   Section        0  libinit2.o(.ARM.Collect$$libinit$$00000032)
    .ARM.Collect$$libinit$$00000033          0x080001fe   Section        2  libinit2.o(.ARM.Collect$$libinit$$00000033)
    .ARM.Collect$$libshutdown$$00000000      0x08000200   Section        2  libshutdown.o(.ARM.Collect$$libshutdown$$00000000)
    .ARM.Collect$$libshutdown$$00000002      0x08000202   Section        0  libshutdown2.o(.ARM.Collect$$libshutdown$$00000002)
    .ARM.Collect$$libshutdown$$00000004      0x08000202   Section        0  libshutdown2.o(.ARM.Collect$$libshutdown$$00000004)
    .ARM.Collect$$libshutdown$$00000007      0x08000202   Section        0  libshutdown2.o(.ARM.Collect$$libshutdown$$00000007)
    .ARM.Collect$$libshutdown$$0000000A      0x08000202   Section        0  libshutdown2.o(.ARM.Collect$$libshutdown$$0000000A)
    .ARM.Collect$$libshutdown$$0000000C      0x08000202   Section        0  libshutdown2.o(.ARM.Collect$$libshutdown$$0000000C)
    .ARM.Collect$$libshutdown$$0000000F      0x08000202   Section        0  libshutdown2.o(.ARM.Collect$$libshutdown$$0000000F)
    .ARM.Collect$$libshutdown$$00000010      0x08000202   Section        2  libshutdown2.o(.ARM.Collect$$libshutdown$$00000010)
    .ARM.Collect$$rtentry$$00000000          0x08000204   Section        0  __rtentry.o(.ARM.Collect$$rtentry$$00000000)
    .ARM.Collect$$rtentry$$00000002          0x08000204   Section        0  __rtentry2.o(.ARM.Collect$$rtentry$$00000002)
    .ARM.Collect$$rtentry$$00000004          0x08000204   Section        6  __rtentry4.o(.ARM.Collect$$rtentry$$00000004)
    .ARM.Collect$$rtentry$$00000009          0x0800020a   Section        0  __rtentry2.o(.ARM.Collect$$rtentry$$00000009)
    .ARM.Collect$$rtentry$$0000000A          0x0800020a   Section        4  __rtentry2.o(.ARM.Collect$$rtentry$$0000000A)
    .ARM.Collect$$rtentry$$0000000C          0x0800020e   Section        0  __rtentry2.o(.ARM.Collect$$rtentry$$0000000C)
    .ARM.Collect$$rtentry$$0000000D          0x0800020e   Section        8  __rtentry2.o(.ARM.Collect$$rtentry$$0000000D)
    .ARM.Collect$$rtexit$$00000000           0x08000216   Section        2  rtexit.o(.ARM.Collect$$rtexit$$00000000)
    .ARM.Collect$$rtexit$$00000002           0x08000218   Section        0  rtexit2.o(.ARM.Collect$$rtexit$$00000002)
    .ARM.Collect$$rtexit$$00000003           0x08000218   Section        4  rtexit2.o(.ARM.Collect$$rtexit$$00000003)
    .ARM.Collect$$rtexit$$00000004           0x0800021c   Section        6  rtexit2.o(.ARM.Collect$$rtexit$$00000004)
    .text                                    0x08000224   Section        0  main.o(.text)
    .text                                    0x080002b8   Section        0  stm32f4xx_it.o(.text)
    .text                                    0x080003ac   Section        0  system_stm32f4xx.o(.text)
    SetSysClock                              0x080003ad   Thumb Code   220  system_stm32f4xx.o(.text)
    .text                                    0x080005ac   Section        0  led.o(.text)
    .text                                    0x080005e8   Section        0  pwm.o(.text)
    TIMx_GPIO_Config                         0x080005e9   Thumb Code    56  pwm.o(.text)
    TIM4_GPIO_Config                         0x08000621   Thumb Code    56  pwm.o(.text)
    TIM_PWMOUTPUT_Config                     0x08000659   Thumb Code    94  pwm.o(.text)
    TIM4_PWMOUTPUT_Config                    0x080006b7   Thumb Code    90  pwm.o(.text)
    .text                                    0x080007c8   Section        0  bsp_ov7725.o(.text)
    FIFO_GPIO_Config                         0x080007c9   Thumb Code   186  bsp_ov7725.o(.text)
    VSYNC_GPIO_Configuration                 0x0800088b   Thumb Code    48  bsp_ov7725.o(.text)
    VSYNC_NVIC_Configuration                 0x080008bb   Thumb Code    42  bsp_ov7725.o(.text)
    VSYNC_EXTI_Configuration                 0x080008e5   Thumb Code    40  bsp_ov7725.o(.text)
    .text                                    0x08000b60   Section        0  bsp_sccb.o(.text)
    .text                                    0x08000dd4   Section        0  timer.o(.text)
    .text                                    0x08000e30   Section        0  image_process.o(.text)
    get_mid_line                             0x08000e31   Thumb Code   300  image_process.o(.text)
    get_error                                0x08000f5d   Thumb Code   126  image_process.o(.text)
    disp_mid_line                            0x08000fdb   Thumb Code   144  image_process.o(.text)
    .text                                    0x080010b4   Section        0  pid.o(.text)
    .text                                    0x08001238   Section        0  delay.o(.text)
    .text                                    0x0800133c   Section        0  usart.o(.text)
    .text                                    0x080014a4   Section       64  startup_stm32f40_41xxx.o(.text)
    .text                                    0x080014e4   Section        0  misc.o(.text)
    .text                                    0x080015c4   Section        0  stm32f4xx_gpio.o(.text)
    .text                                    0x08001858   Section        0  stm32f4xx_usart.o(.text)
    .text                                    0x08001cac   Section        0  stm32f4xx_tim.o(.text)
    TI4_Config                               0x0800244b   Thumb Code    80  stm32f4xx_tim.o(.text)
    TI3_Config                               0x080024ad   Thumb Code    72  stm32f4xx_tim.o(.text)
    TI2_Config                               0x0800250f   Thumb Code    90  stm32f4xx_tim.o(.text)
    TI1_Config                               0x0800257b   Thumb Code    58  stm32f4xx_tim.o(.text)
    .text                                    0x08002950   Section        0  stm32f4xx_syscfg.o(.text)
    .text                                    0x080029e4   Section        0  stm32f4xx_rcc.o(.text)
    .text                                    0x08003040   Section        0  stm32f4xx_exti.o(.text)
    .text                                    0x08003150   Section        2  use_no_semi_2.o(.text)
    .text                                    0x08003152   Section        0  heapauxi.o(.text)
    .text                                    0x08003158   Section        2  use_no_semi.o(.text)
    .text                                    0x0800315a   Section       74  sys_stackheap_outer.o(.text)
    .text                                    0x080031a4   Section        0  exit.o(.text)
    .text                                    0x080031b8   Section        8  libspace.o(.text)
    x$fpl$d2f                                0x080031c0   Section       98  d2f.o(x$fpl$d2f)
    x$fpl$dadd                               0x08003224   Section      336  daddsub_clz.o(x$fpl$dadd)
    _dadd1                                   0x08003235   Thumb Code     0  daddsub_clz.o(x$fpl$dadd)
    x$fpl$dcmpinf                            0x08003374   Section       24  dcmpi.o(x$fpl$dcmpinf)
    x$fpl$dleqf                              0x0800338c   Section      120  dleqf.o(x$fpl$dleqf)
    x$fpl$dmul                               0x08003404   Section      340  dmul.o(x$fpl$dmul)
    x$fpl$dnaninf                            0x08003558   Section      156  dnaninf.o(x$fpl$dnaninf)
    x$fpl$dretinf                            0x080035f4   Section       12  dretinf.o(x$fpl$dretinf)
    x$fpl$drleqf                             0x08003600   Section      108  drleqf.o(x$fpl$drleqf)
    x$fpl$dsub                               0x0800366c   Section      468  daddsub_clz.o(x$fpl$dsub)
    _dsub1                                   0x0800367d   Thumb Code     0  daddsub_clz.o(x$fpl$dsub)
    x$fpl$f2d                                0x08003840   Section       86  f2d.o(x$fpl$f2d)
    x$fpl$fadd                               0x08003898   Section      196  faddsub_clz.o(x$fpl$fadd)
    _fadd1                                   0x080038a7   Thumb Code     0  faddsub_clz.o(x$fpl$fadd)
    x$fpl$fcmpinf                            0x0800395c   Section       24  fcmpi.o(x$fpl$fcmpinf)
    x$fpl$fdiv                               0x08003974   Section      388  fdiv.o(x$fpl$fdiv)
    _fdiv1                                   0x08003975   Thumb Code     0  fdiv.o(x$fpl$fdiv)
    x$fpl$ffixu                              0x08003af8   Section       62  ffixu.o(x$fpl$ffixu)
    x$fpl$fflt                               0x08003b38   Section       48  fflt_clz.o(x$fpl$fflt)
    x$fpl$fleqf                              0x08003b68   Section      104  fleqf.o(x$fpl$fleqf)
    x$fpl$fmul                               0x08003bd0   Section      258  fmul.o(x$fpl$fmul)
    x$fpl$fnaninf                            0x08003cd2   Section      140  fnaninf.o(x$fpl$fnaninf)
    x$fpl$fretinf                            0x08003d5e   Section       10  fretinf.o(x$fpl$fretinf)
    x$fpl$frleqf                             0x08003d68   Section       98  frleqf.o(x$fpl$frleqf)
    x$fpl$fsub                               0x08003dcc   Section      234  faddsub_clz.o(x$fpl$fsub)
    _fsub1                                   0x08003ddb   Thumb Code     0  faddsub_clz.o(x$fpl$fsub)
    x$fpl$usenofp                            0x08003eb6   Section        0  usenofp.o(x$fpl$usenofp)
    .data                                    0x20000000   Section        1  stm32f4xx_it.o(.data)
    .data                                    0x20000004   Section       20  system_stm32f4xx.o(.data)
    .data                                    0x20000018   Section      156  bsp_ov7725.o(.data)
    .data                                    0x200000b4   Section       13  image_process.o(.data)
    .data                                    0x200000c1   Section        1  pid.o(.data)
    .data                                    0x200000c2   Section        4  delay.o(.data)
    fac_us                                   0x200000c2   Data           1  delay.o(.data)
    fac_ms                                   0x200000c4   Data           2  delay.o(.data)
    .data                                    0x200000c8   Section        6  usart.o(.data)
    .data                                    0x200000ce   Section       16  stm32f4xx_rcc.o(.data)
    APBAHBPrescTable                         0x200000ce   Data          16  stm32f4xx_rcc.o(.data)
    .bss                                     0x200000e0   Section    19200  bsp_ov7725.o(.bss)
    .bss                                     0x20004be0   Section      120  image_process.o(.bss)
    .bss                                     0x20004c58   Section      200  usart.o(.bss)
    .bss                                     0x20004d20   Section       96  libspace.o(.bss)
    HEAP                                     0x20004d80   Section      512  startup_stm32f40_41xxx.o(HEAP)
    Heap_Mem                                 0x20004d80   Data         512  startup_stm32f40_41xxx.o(HEAP)
    STACK                                    0x20004f80   Section     1024  startup_stm32f40_41xxx.o(STACK)
    Stack_Mem                                0x20004f80   Data        1024  startup_stm32f40_41xxx.o(STACK)
    __initial_sp                             0x20005380   Data           0  startup_stm32f40_41xxx.o(STACK)

    Global Symbols

    Symbol Name                              Value     Ov Type        Size  Object(Section)

    BuildAttributes$$THM_ISAv4$E$P$D$K$B$S$7EM$PE$A:L22UL41UL21$X:L11$S22US41US21$IEEE1$IW$USESV6$~STKCKD$USESV7$~SHL$OSPACE$ROPI$EBA8$UX$STANDARDLIB$REQ8$PRES8$EABIv2 0x00000000   Number         0  anon$$obj.o ABSOLUTE
    __ARM_use_no_argv                        0x00000000   Number         0  main.o ABSOLUTE
    __ARM_exceptions_init                     - Undefined Weak Reference
    __alloca_initialize                       - Undefined Weak Reference
    __arm_preinit_                            - Undefined Weak Reference
    __cpp_initialize__aeabi_                  - Undefined Weak Reference
    __cxa_finalize                            - Undefined Weak Reference
    __rt_locale                               - Undefined Weak Reference
    __sigvec_lookup                           - Undefined Weak Reference
    _atexit_init                              - Undefined Weak Reference
    _call_atexit_fns                          - Undefined Weak Reference
    _clock_init                               - Undefined Weak Reference
    _fp_trap_init                             - Undefined Weak Reference
    _fp_trap_shutdown                         - Undefined Weak Reference
    _get_lc_collate                           - Undefined Weak Reference
    _get_lc_ctype                             - Undefined Weak Reference
    _get_lc_monetary                          - Undefined Weak Reference
    _get_lc_numeric                           - Undefined Weak Reference
    _get_lc_time                              - Undefined Weak Reference
    _getenv_init                              - Undefined Weak Reference
    _handle_redirection                       - Undefined Weak Reference
    _init_alloc                               - Undefined Weak Reference
    _init_user_alloc                          - Undefined Weak Reference
    _initio                                   - Undefined Weak Reference
    _rand_init                                - Undefined Weak Reference
    _signal_finish                            - Undefined Weak Reference
    _signal_init                              - Undefined Weak Reference
    _terminate_alloc                          - Undefined Weak Reference
    _terminate_user_alloc                     - Undefined Weak Reference
    _terminateio                              - Undefined Weak Reference
    __Vectors_Size                           0x00000188   Number         0  startup_stm32f40_41xxx.o ABSOLUTE
    __Vectors                                0x08000000   Data           4  startup_stm32f40_41xxx.o(RESET)
    __Vectors_End                            0x08000188   Data           0  startup_stm32f40_41xxx.o(RESET)
    __main                                   0x08000189   Thumb Code     8  __main.o(!!!main)
    __scatterload                            0x08000191   Thumb Code     0  __scatter.o(!!!scatter)
    __scatterload_rt2                        0x08000191   Thumb Code    44  __scatter.o(!!!scatter)
    __scatterload_rt2_thumb_only             0x08000191   Thumb Code     0  __scatter.o(!!!scatter)
    __scatterload_null                       0x0800019f   Thumb Code     0  __scatter.o(!!!scatter)
    __scatterload_copy                       0x080001c5   Thumb Code    26  __scatter_copy.o(!!handler_copy)
    __scatterload_zeroinit                   0x080001e1   Thumb Code    28  __scatter_zi.o(!!handler_zi)
    __rt_lib_init                            0x080001fd   Thumb Code     0  libinit.o(.ARM.Collect$$libinit$$00000000)
    __rt_lib_init_alloca_1                   0x080001ff   Thumb Code     0  libinit2.o(.ARM.Collect$$libinit$$0000002E)
    __rt_lib_init_argv_1                     0x080001ff   Thumb Code     0  libinit2.o(.ARM.Collect$$libinit$$0000002C)
    __rt_lib_init_atexit_1                   0x080001ff   Thumb Code     0  libinit2.o(.ARM.Collect$$libinit$$0000001B)
    __rt_lib_init_clock_1                    0x080001ff   Thumb Code     0  libinit2.o(.ARM.Collect$$libinit$$00000021)
    __rt_lib_init_cpp_1                      0x080001ff   Thumb Code     0  libinit2.o(.ARM.Collect$$libinit$$00000032)
    __rt_lib_init_exceptions_1               0x080001ff   Thumb Code     0  libinit2.o(.ARM.Collect$$libinit$$00000030)
    __rt_lib_init_fp_1                       0x080001ff   Thumb Code     0  libinit2.o(.ARM.Collect$$libinit$$00000002)
    __rt_lib_init_fp_trap_1                  0x080001ff   Thumb Code     0  libinit2.o(.ARM.Collect$$libinit$$0000001F)
    __rt_lib_init_getenv_1                   0x080001ff   Thumb Code     0  libinit2.o(.ARM.Collect$$libinit$$00000023)
    __rt_lib_init_heap_1                     0x080001ff   Thumb Code     0  libinit2.o(.ARM.Collect$$libinit$$0000000A)
    __rt_lib_init_lc_collate_1               0x080001ff   Thumb Code     0  libinit2.o(.ARM.Collect$$libinit$$00000011)
    __rt_lib_init_lc_ctype_1                 0x080001ff   Thumb Code     0  libinit2.o(.ARM.Collect$$libinit$$00000013)
    __rt_lib_init_lc_monetary_1              0x080001ff   Thumb Code     0  libinit2.o(.ARM.Collect$$libinit$$00000015)
    __rt_lib_init_lc_numeric_1               0x080001ff   Thumb Code     0  libinit2.o(.ARM.Collect$$libinit$$00000017)
    __rt_lib_init_lc_time_1                  0x080001ff   Thumb Code     0  libinit2.o(.ARM.Collect$$libinit$$00000019)
    __rt_lib_init_preinit_1                  0x080001ff   Thumb Code     0  libinit2.o(.ARM.Collect$$libinit$$00000004)
    __rt_lib_init_rand_1                     0x080001ff   Thumb Code     0  libinit2.o(.ARM.Collect$$libinit$$0000000E)
    __rt_lib_init_return                     0x080001ff   Thumb Code     0  libinit2.o(.ARM.Collect$$libinit$$00000033)
    __rt_lib_init_signal_1                   0x080001ff   Thumb Code     0  libinit2.o(.ARM.Collect$$libinit$$0000001D)
    __rt_lib_init_stdio_1                    0x080001ff   Thumb Code     0  libinit2.o(.ARM.Collect$$libinit$$00000025)
    __rt_lib_init_user_alloc_1               0x080001ff   Thumb Code     0  libinit2.o(.ARM.Collect$$libinit$$0000000C)
    __rt_lib_shutdown                        0x08000201   Thumb Code     0  libshutdown.o(.ARM.Collect$$libshutdown$$00000000)
    __rt_lib_shutdown_cpp_1                  0x08000203   Thumb Code     0  libshutdown2.o(.ARM.Collect$$libshutdown$$00000002)
    __rt_lib_shutdown_fp_trap_1              0x08000203   Thumb Code     0  libshutdown2.o(.ARM.Collect$$libshutdown$$00000007)
    __rt_lib_shutdown_heap_1                 0x08000203   Thumb Code     0  libshutdown2.o(.ARM.Collect$$libshutdown$$0000000F)
    __rt_lib_shutdown_return                 0x08000203   Thumb Code     0  libshutdown2.o(.ARM.Collect$$libshutdown$$00000010)
    __rt_lib_shutdown_signal_1               0x08000203   Thumb Code     0  libshutdown2.o(.ARM.Collect$$libshutdown$$0000000A)
    __rt_lib_shutdown_stdio_1                0x08000203   Thumb Code     0  libshutdown2.o(.ARM.Collect$$libshutdown$$00000004)
    __rt_lib_shutdown_user_alloc_1           0x08000203   Thumb Code     0  libshutdown2.o(.ARM.Collect$$libshutdown$$0000000C)
    __rt_entry                               0x08000205   Thumb Code     0  __rtentry.o(.ARM.Collect$$rtentry$$00000000)
    __rt_entry_presh_1                       0x08000205   Thumb Code     0  __rtentry2.o(.ARM.Collect$$rtentry$$00000002)
    __rt_entry_sh                            0x08000205   Thumb Code     0  __rtentry4.o(.ARM.Collect$$rtentry$$00000004)
    __rt_entry_li                            0x0800020b   Thumb Code     0  __rtentry2.o(.ARM.Collect$$rtentry$$0000000A)
    __rt_entry_postsh_1                      0x0800020b   Thumb Code     0  __rtentry2.o(.ARM.Collect$$rtentry$$00000009)
    __rt_entry_main                          0x0800020f   Thumb Code     0  __rtentry2.o(.ARM.Collect$$rtentry$$0000000D)
    __rt_entry_postli_1                      0x0800020f   Thumb Code     0  __rtentry2.o(.ARM.Collect$$rtentry$$0000000C)
    __rt_exit                                0x08000217   Thumb Code     0  rtexit.o(.ARM.Collect$$rtexit$$00000000)
    __rt_exit_ls                             0x08000219   Thumb Code     0  rtexit2.o(.ARM.Collect$$rtexit$$00000003)
    __rt_exit_prels_1                        0x08000219   Thumb Code     0  rtexit2.o(.ARM.Collect$$rtexit$$00000002)
    __rt_exit_exit                           0x0800021d   Thumb Code     0  rtexit2.o(.ARM.Collect$$rtexit$$00000004)
    main                                     0x08000225   Thumb Code   140  main.o(.text)
    EXTI3_IRQHandler                         0x080002b9   Thumb Code    86  stm32f4xx_it.o(.text)
    TIM3_IRQHandler                          0x0800030f   Thumb Code    60  stm32f4xx_it.o(.text)
    EXTI0_IRQHandler                         0x0800034b   Thumb Code    46  stm32f4xx_it.o(.text)
    NMI_Handler                              0x08000379   Thumb Code     2  stm32f4xx_it.o(.text)
    HardFault_Handler                        0x0800037b   Thumb Code     4  stm32f4xx_it.o(.text)
    MemManage_Handler                        0x0800037f   Thumb Code     4  stm32f4xx_it.o(.text)
    BusFault_Handler                         0x08000383   Thumb Code     4  stm32f4xx_it.o(.text)
    UsageFault_Handler                       0x08000387   Thumb Code     4  stm32f4xx_it.o(.text)
    SVC_Handler                              0x0800038b   Thumb Code     2  stm32f4xx_it.o(.text)
    DebugMon_Handler                         0x0800038d   Thumb Code     2  stm32f4xx_it.o(.text)
    PendSV_Handler                           0x0800038f   Thumb Code     2  stm32f4xx_it.o(.text)
    SysTick_Handler                          0x08000391   Thumb Code     2  stm32f4xx_it.o(.text)
    SystemInit                               0x08000489   Thumb Code    74  system_stm32f4xx.o(.text)
    SystemCoreClockUpdate                    0x080004d3   Thumb Code   174  system_stm32f4xx.o(.text)
    LED_Init                                 0x080005ad   Thumb Code    54  led.o(.text)
    TIM2_PWM_Init                            0x08000711   Thumb Code    24  pwm.o(.text)
    TIM4_PWM_Init                            0x08000729   Thumb Code    24  pwm.o(.text)
    Motor_start                              0x08000741   Thumb Code   124  pwm.o(.text)
    Ov7725_GPIO_Config                       0x08000883   Thumb Code     8  bsp_ov7725.o(.text)
    VSYNC_Init                               0x0800090d   Thumb Code    16  bsp_ov7725.o(.text)
    Ov7725_Init                              0x0800091d   Thumb Code    70  bsp_ov7725.o(.text)
    Get_Image_Data                           0x08000963   Thumb Code   394  bsp_ov7725.o(.text)
    ImagDisp                                 0x08000aed   Thumb Code    84  bsp_ov7725.o(.text)
    SCCB_Init                                0x08000b61   Thumb Code    78  bsp_sccb.o(.text)
    SCCB_Start                               0x08000baf   Thumb Code    42  bsp_sccb.o(.text)
    SCCB_Stop                                0x08000bd9   Thumb Code    42  bsp_sccb.o(.text)
    SCCB_No_Ack                              0x08000c03   Thumb Code    56  bsp_sccb.o(.text)
    SCCB_WR_Byte                             0x08000c3b   Thumb Code   154  bsp_sccb.o(.text)
    SCCB_RD_Byte                             0x08000cd5   Thumb Code   104  bsp_sccb.o(.text)
    SCCB_WR_Reg                              0x08000d3d   Thumb Code    62  bsp_sccb.o(.text)
    SCCB_RD_Reg                              0x08000d7b   Thumb Code    78  bsp_sccb.o(.text)
    TIM3_Config                              0x08000dd5   Thumb Code    88  timer.o(.text)
    image_process                            0x0800106b   Thumb Code    24  image_process.o(.text)
    servo_control                            0x080010b5   Thumb Code   206  pid.o(.text)
    motor_control                            0x08001183   Thumb Code   108  pid.o(.text)
    delay_init                               0x08001239   Thumb Code    52  delay.o(.text)
    delay_us                                 0x0800126d   Thumb Code    72  delay.o(.text)
    delay_xms                                0x080012b5   Thumb Code    72  delay.o(.text)
    delay_ms                                 0x080012fd   Thumb Code    56  delay.o(.text)
    Usart_Senddata                           0x0800133d   Thumb Code    30  usart.o(.text)
    _sys_exit                                0x0800135b   Thumb Code     4  usart.o(.text)
    fputc                                    0x0800135f   Thumb Code    22  usart.o(.text)
    uart_init                                0x08001375   Thumb Code   164  usart.o(.text)
    USART1_IRQHandler                        0x08001419   Thumb Code   122  usart.o(.text)
    Reset_Handler                            0x080014a5   Thumb Code     8  startup_stm32f40_41xxx.o(.text)
    ADC_IRQHandler                           0x080014bf   Thumb Code     0  startup_stm32f40_41xxx.o(.text)
    CAN1_RX0_IRQHandler                      0x080014bf   Thumb Code     0  startup_stm32f40_41xxx.o(.text)
    CAN1_RX1_IRQHandler                      0x080014bf   Thumb Code     0  startup_stm32f40_41xxx.o(.text)
    CAN1_SCE_IRQHandler                      0x080014bf   Thumb Code     0  startup_stm32f40_41xxx.o(.text)
    CAN1_TX_IRQHandler                       0x080014bf   Thumb Code     0  startup_stm32f40_41xxx.o(.text)
    CAN2_RX0_IRQHandler                      0x080014bf   Thumb Code     0  startup_stm32f40_41xxx.o(.text)
    CAN2_RX1_IRQHandler                      0x080014bf   Thumb Code     0  startup_stm32f40_41xxx.o(.text)
    CAN2_SCE_IRQHandler                      0x080014bf   Thumb Code     0  startup_stm32f40_41xxx.o(.text)
    CAN2_TX_IRQHandler                       0x080014bf   Thumb Code     0  startup_stm32f40_41xxx.o(.text)
    CRYP_IRQHandler                          0x080014bf   Thumb Code     0  startup_stm32f40_41xxx.o(.text)
    DCMI_IRQHandler                          0x080014bf   Thumb Code     0  startup_stm32f40_41xxx.o(.text)
    DMA1_Stream0_IRQHandler                  0x080014bf   Thumb Code     0  startup_stm32f40_41xxx.o(.text)
    DMA1_Stream1_IRQHandler                  0x080014bf   Thumb Code     0  startup_stm32f40_41xxx.o(.text)
    DMA1_Stream2_IRQHandler                  0x080014bf   Thumb Code     0  startup_stm32f40_41xxx.o(.text)
    DMA1_Stream3_IRQHandler                  0x080014bf   Thumb Code     0  startup_stm32f40_41xxx.o(.text)
    DMA1_Stream4_IRQHandler                  0x080014bf   Thumb Code     0  startup_stm32f40_41xxx.o(.text)
    DMA1_Stream5_IRQHandler                  0x080014bf   Thumb Code     0  startup_stm32f40_41xxx.o(.text)
    DMA1_Stream6_IRQHandler                  0x080014bf   Thumb Code     0  startup_stm32f40_41xxx.o(.text)
    DMA1_Stream7_IRQHandler                  0x080014bf   Thumb Code     0  startup_stm32f40_41xxx.o(.text)
    DMA2_Stream0_IRQHandler                  0x080014bf   Thumb Code     0  startup_stm32f40_41xxx.o(.text)
    DMA2_Stream1_IRQHandler                  0x080014bf   Thumb Code     0  startup_stm32f40_41xxx.o(.text)
    DMA2_Stream2_IRQHandler                  0x080014bf   Thumb Code     0  startup_stm32f40_41xxx.o(.text)
    DMA2_Stream3_IRQHandler                  0x080014bf   Thumb Code     0  startup_stm32f40_41xxx.o(.text)
    DMA2_Stream4_IRQHandler                  0x080014bf   Thumb Code     0  startup_stm32f40_41xxx.o(.text)
    DMA2_Stream5_IRQHandler                  0x080014bf   Thumb Code     0  startup_stm32f40_41xxx.o(.text)
    DMA2_Stream6_IRQHandler                  0x080014bf   Thumb Code     0  startup_stm32f40_41xxx.o(.text)
    DMA2_Stream7_IRQHandler                  0x080014bf   Thumb Code     0  startup_stm32f40_41xxx.o(.text)
    ETH_IRQHandler                           0x080014bf   Thumb Code     0  startup_stm32f40_41xxx.o(.text)
    ETH_WKUP_IRQHandler                      0x080014bf   Thumb Code     0  startup_stm32f40_41xxx.o(.text)
    EXTI15_10_IRQHandler                     0x080014bf   Thumb Code     0  startup_stm32f40_41xxx.o(.text)
    EXTI1_IRQHandler                         0x080014bf   Thumb Code     0  startup_stm32f40_41xxx.o(.text)
    EXTI2_IRQHandler                         0x080014bf   Thumb Code     0  startup_stm32f40_41xxx.o(.text)
    EXTI4_IRQHandler                         0x080014bf   Thumb Code     0  startup_stm32f40_41xxx.o(.text)
    EXTI9_5_IRQHandler                       0x080014bf   Thumb Code     0  startup_stm32f40_41xxx.o(.text)
    FLASH_IRQHandler                         0x080014bf   Thumb Code     0  startup_stm32f40_41xxx.o(.text)
    FPU_IRQHandler                           0x080014bf   Thumb Code     0  startup_stm32f40_41xxx.o(.text)
    FSMC_IRQHandler                          0x080014bf   Thumb Code     0  startup_stm32f40_41xxx.o(.text)
    HASH_RNG_IRQHandler                      0x080014bf   Thumb Code     0  startup_stm32f40_41xxx.o(.text)
    I2C1_ER_IRQHandler                       0x080014bf   Thumb Code     0  startup_stm32f40_41xxx.o(.text)
    I2C1_EV_IRQHandler                       0x080014bf   Thumb Code     0  startup_stm32f40_41xxx.o(.text)
    I2C2_ER_IRQHandler                       0x080014bf   Thumb Code     0  startup_stm32f40_41xxx.o(.text)
    I2C2_EV_IRQHandler                       0x080014bf   Thumb Code     0  startup_stm32f40_41xxx.o(.text)
    I2C3_ER_IRQHandler                       0x080014bf   Thumb Code     0  startup_stm32f40_41xxx.o(.text)
    I2C3_EV_IRQHandler                       0x080014bf   Thumb Code     0  startup_stm32f40_41xxx.o(.text)
    OTG_FS_IRQHandler                        0x080014bf   Thumb Code     0  startup_stm32f40_41xxx.o(.text)
    OTG_FS_WKUP_IRQHandler                   0x080014bf   Thumb Code     0  startup_stm32f40_41xxx.o(.text)
    OTG_HS_EP1_IN_IRQHandler                 0x080014bf   Thumb Code     0  startup_stm32f40_41xxx.o(.text)
    OTG_HS_EP1_OUT_IRQHandler                0x080014bf   Thumb Code     0  startup_stm32f40_41xxx.o(.text)
    OTG_HS_IRQHandler                        0x080014bf   Thumb Code     0  startup_stm32f40_41xxx.o(.text)
    OTG_HS_WKUP_IRQHandler                   0x080014bf   Thumb Code     0  startup_stm32f40_41xxx.o(.text)
    PVD_IRQHandler                           0x080014bf   Thumb Code     0  startup_stm32f40_41xxx.o(.text)
    RCC_IRQHandler                           0x080014bf   Thumb Code     0  startup_stm32f40_41xxx.o(.text)
    RTC_Alarm_IRQHandler                     0x080014bf   Thumb Code     0  startup_stm32f40_41xxx.o(.text)
    RTC_WKUP_IRQHandler                      0x080014bf   Thumb Code     0  startup_stm32f40_41xxx.o(.text)
    SDIO_IRQHandler                          0x080014bf   Thumb Code     0  startup_stm32f40_41xxx.o(.text)
    SPI1_IRQHandler                          0x080014bf   Thumb Code     0  startup_stm32f40_41xxx.o(.text)
    SPI2_IRQHandler                          0x080014bf   Thumb Code     0  startup_stm32f40_41xxx.o(.text)
    SPI3_IRQHandler                          0x080014bf   Thumb Code     0  startup_stm32f40_41xxx.o(.text)
    TAMP_STAMP_IRQHandler                    0x080014bf   Thumb Code     0  startup_stm32f40_41xxx.o(.text)
    TIM1_BRK_TIM9_IRQHandler                 0x080014bf   Thumb Code     0  startup_stm32f40_41xxx.o(.text)
    TIM1_CC_IRQHandler                       0x080014bf   Thumb Code     0  startup_stm32f40_41xxx.o(.text)
    TIM1_TRG_COM_TIM11_IRQHandler            0x080014bf   Thumb Code     0  startup_stm32f40_41xxx.o(.text)
    TIM1_UP_TIM10_IRQHandler                 0x080014bf   Thumb Code     0  startup_stm32f40_41xxx.o(.text)
    TIM2_IRQHandler                          0x080014bf   Thumb Code     0  startup_stm32f40_41xxx.o(.text)
    TIM4_IRQHandler                          0x080014bf   Thumb Code     0  startup_stm32f40_41xxx.o(.text)
    TIM5_IRQHandler                          0x080014bf   Thumb Code     0  startup_stm32f40_41xxx.o(.text)
    TIM6_DAC_IRQHandler                      0x080014bf   Thumb Code     0  startup_stm32f40_41xxx.o(.text)
    TIM7_IRQHandler                          0x080014bf   Thumb Code     0  startup_stm32f40_41xxx.o(.text)
    TIM8_BRK_TIM12_IRQHandler                0x080014bf   Thumb Code     0  startup_stm32f40_41xxx.o(.text)
    TIM8_CC_IRQHandler                       0x080014bf   Thumb Code     0  startup_stm32f40_41xxx.o(.text)
    TIM8_TRG_COM_TIM14_IRQHandler            0x080014bf   Thumb Code     0  startup_stm32f40_41xxx.o(.text)
    TIM8_UP_TIM13_IRQHandler                 0x080014bf   Thumb Code     0  startup_stm32f40_41xxx.o(.text)
    UART4_IRQHandler                         0x080014bf   Thumb Code     0  startup_stm32f40_41xxx.o(.text)
    UART5_IRQHandler                         0x080014bf   Thumb Code     0  startup_stm32f40_41xxx.o(.text)
    USART2_IRQHandler                        0x080014bf   Thumb Code     0  startup_stm32f40_41xxx.o(.text)
    USART3_IRQHandler                        0x080014bf   Thumb Code     0  startup_stm32f40_41xxx.o(.text)
    USART6_IRQHandler                        0x080014bf   Thumb Code     0  startup_stm32f40_41xxx.o(.text)
    WWDG_IRQHandler                          0x080014bf   Thumb Code     0  startup_stm32f40_41xxx.o(.text)
    __user_initial_stackheap                 0x080014c1   Thumb Code     0  startup_stm32f40_41xxx.o(.text)
    NVIC_PriorityGroupConfig                 0x080014e5   Thumb Code    10  misc.o(.text)
    NVIC_Init                                0x080014ef   Thumb Code   106  misc.o(.text)
    NVIC_SetVectorTable                      0x08001559   Thumb Code    14  misc.o(.text)
    NVIC_SystemLPConfig                      0x08001567   Thumb Code    34  misc.o(.text)
    SysTick_CLKSourceConfig                  0x08001589   Thumb Code    40  misc.o(.text)
    GPIO_DeInit                              0x080015c5   Thumb Code   268  stm32f4xx_gpio.o(.text)
    GPIO_Init                                0x080016d1   Thumb Code   144  stm32f4xx_gpio.o(.text)
    GPIO_StructInit                          0x08001761   Thumb Code    18  stm32f4xx_gpio.o(.text)
    GPIO_PinLockConfig                       0x08001773   Thumb Code    34  stm32f4xx_gpio.o(.text)
    GPIO_ReadInputDataBit                    0x08001795   Thumb Code    18  stm32f4xx_gpio.o(.text)
    GPIO_ReadInputData                       0x080017a7   Thumb Code     8  stm32f4xx_gpio.o(.text)
    GPIO_ReadOutputDataBit                   0x080017af   Thumb Code    18  stm32f4xx_gpio.o(.text)
    GPIO_ReadOutputData                      0x080017c1   Thumb Code     8  stm32f4xx_gpio.o(.text)
    GPIO_SetBits                             0x080017c9   Thumb Code     4  stm32f4xx_gpio.o(.text)
    GPIO_ResetBits                           0x080017cd   Thumb Code     4  stm32f4xx_gpio.o(.text)
    GPIO_WriteBit                            0x080017d1   Thumb Code    10  stm32f4xx_gpio.o(.text)
    GPIO_Write                               0x080017db   Thumb Code     4  stm32f4xx_gpio.o(.text)
    GPIO_ToggleBits                          0x080017df   Thumb Code     8  stm32f4xx_gpio.o(.text)
    GPIO_PinAFConfig                         0x080017e7   Thumb Code    70  stm32f4xx_gpio.o(.text)
    USART_DeInit                             0x08001859   Thumb Code   206  stm32f4xx_usart.o(.text)
    USART_Init                               0x08001927   Thumb Code   204  stm32f4xx_usart.o(.text)
    USART_StructInit                         0x080019f3   Thumb Code    24  stm32f4xx_usart.o(.text)
    USART_ClockInit                          0x08001a0b   Thumb Code    32  stm32f4xx_usart.o(.text)
    USART_ClockStructInit                    0x08001a2b   Thumb Code    12  stm32f4xx_usart.o(.text)
    USART_Cmd                                0x08001a37   Thumb Code    24  stm32f4xx_usart.o(.text)
    USART_SetPrescaler                       0x08001a4f   Thumb Code    16  stm32f4xx_usart.o(.text)
    USART_OverSampling8Cmd                   0x08001a5f   Thumb Code    22  stm32f4xx_usart.o(.text)
    USART_OneBitMethodCmd                    0x08001a75   Thumb Code    24  stm32f4xx_usart.o(.text)
    USART_SendData                           0x08001a8d   Thumb Code     8  stm32f4xx_usart.o(.text)
    USART_ReceiveData                        0x08001a95   Thumb Code    10  stm32f4xx_usart.o(.text)
    USART_SetAddress                         0x08001a9f   Thumb Code    18  stm32f4xx_usart.o(.text)
    USART_ReceiverWakeUpCmd                  0x08001ab1   Thumb Code    24  stm32f4xx_usart.o(.text)
    USART_WakeUpConfig                       0x08001ac9   Thumb Code    18  stm32f4xx_usart.o(.text)
    USART_LINBreakDetectLengthConfig         0x08001adb   Thumb Code    18  stm32f4xx_usart.o(.text)
    USART_LINCmd                             0x08001aed   Thumb Code    24  stm32f4xx_usart.o(.text)
    USART_SendBreak                          0x08001b05   Thumb Code    10  stm32f4xx_usart.o(.text)
    USART_HalfDuplexCmd                      0x08001b0f   Thumb Code    24  stm32f4xx_usart.o(.text)
    USART_SetGuardTime                       0x08001b27   Thumb Code    16  stm32f4xx_usart.o(.text)
    USART_SmartCardCmd                       0x08001b37   Thumb Code    24  stm32f4xx_usart.o(.text)
    USART_SmartCardNACKCmd                   0x08001b4f   Thumb Code    24  stm32f4xx_usart.o(.text)
    USART_IrDAConfig                         0x08001b67   Thumb Code    18  stm32f4xx_usart.o(.text)
    USART_IrDACmd                            0x08001b79   Thumb Code    24  stm32f4xx_usart.o(.text)
    USART_DMACmd                             0x08001b91   Thumb Code    18  stm32f4xx_usart.o(.text)
    USART_ITConfig                           0x08001ba3   Thumb Code    74  stm32f4xx_usart.o(.text)
    USART_GetFlagStatus                      0x08001bed   Thumb Code    26  stm32f4xx_usart.o(.text)
    USART_ClearFlag                          0x08001c07   Thumb Code    18  stm32f4xx_usart.o(.text)
    USART_GetITStatus                        0x08001c19   Thumb Code   118  stm32f4xx_usart.o(.text)
    USART_ClearITPendingBit                  0x08001c8f   Thumb Code    30  stm32f4xx_usart.o(.text)
    TIM_DeInit                               0x08001cad   Thumb Code   346  stm32f4xx_tim.o(.text)
    TIM_TimeBaseInit                         0x08001e07   Thumb Code   104  stm32f4xx_tim.o(.text)
    TIM_TimeBaseStructInit                   0x08001e6f   Thumb Code    18  stm32f4xx_tim.o(.text)
    TIM_PrescalerConfig                      0x08001e81   Thumb Code     6  stm32f4xx_tim.o(.text)
    TIM_CounterModeConfig                    0x08001e87   Thumb Code    18  stm32f4xx_tim.o(.text)
    TIM_SetCounter                           0x08001e99   Thumb Code     4  stm32f4xx_tim.o(.text)
    TIM_SetAutoreload                        0x08001e9d   Thumb Code     4  stm32f4xx_tim.o(.text)
    TIM_GetCounter                           0x08001ea1   Thumb Code     6  stm32f4xx_tim.o(.text)
    TIM_GetPrescaler                         0x08001ea7   Thumb Code     6  stm32f4xx_tim.o(.text)
    TIM_UpdateDisableConfig                  0x08001ead   Thumb Code    24  stm32f4xx_tim.o(.text)
    TIM_UpdateRequestConfig                  0x08001ec5   Thumb Code    24  stm32f4xx_tim.o(.text)
    TIM_ARRPreloadConfig                     0x08001edd   Thumb Code    24  stm32f4xx_tim.o(.text)
    TIM_SelectOnePulseMode                   0x08001ef5   Thumb Code    18  stm32f4xx_tim.o(.text)
    TIM_SetClockDivision                     0x08001f07   Thumb Code    18  stm32f4xx_tim.o(.text)
    TIM_Cmd                                  0x08001f19   Thumb Code    24  stm32f4xx_tim.o(.text)
    TIM_OC1Init                              0x08001f31   Thumb Code   114  stm32f4xx_tim.o(.text)
    TIM_OC2Init                              0x08001fa3   Thumb Code   154  stm32f4xx_tim.o(.text)
    TIM_OC3Init                              0x0800203d   Thumb Code   204  stm32f4xx_tim.o(.text)
    TIM_OC4Init                              0x08002109   Thumb Code   112  stm32f4xx_tim.o(.text)
    TIM_OCStructInit                         0x08002179   Thumb Code    20  stm32f4xx_tim.o(.text)
    TIM_SelectOCxM                           0x0800218d   Thumb Code    86  stm32f4xx_tim.o(.text)
    TIM_SetCompare1                          0x080021e3   Thumb Code     4  stm32f4xx_tim.o(.text)
    TIM_SetCompare2                          0x080021e7   Thumb Code     4  stm32f4xx_tim.o(.text)
    TIM_SetCompare3                          0x080021eb   Thumb Code     4  stm32f4xx_tim.o(.text)
    TIM_SetCompare4                          0x080021ef   Thumb Code     4  stm32f4xx_tim.o(.text)
    TIM_ForcedOC1Config                      0x080021f3   Thumb Code    18  stm32f4xx_tim.o(.text)
    TIM_ForcedOC2Config                      0x08002205   Thumb Code    26  stm32f4xx_tim.o(.text)
    TIM_ForcedOC3Config                      0x0800221f   Thumb Code    18  stm32f4xx_tim.o(.text)
    TIM_ForcedOC4Config                      0x08002231   Thumb Code    26  stm32f4xx_tim.o(.text)
    TIM_OC1PreloadConfig                     0x0800224b   Thumb Code    18  stm32f4xx_tim.o(.text)
    TIM_OC2PreloadConfig                     0x0800225d   Thumb Code    26  stm32f4xx_tim.o(.text)
    TIM_OC3PreloadConfig                     0x08002277   Thumb Code    18  stm32f4xx_tim.o(.text)
    TIM_OC4PreloadConfig                     0x08002289   Thumb Code    26  stm32f4xx_tim.o(.text)
    TIM_OC1FastConfig                        0x080022a3   Thumb Code    18  stm32f4xx_tim.o(.text)
    TIM_OC2FastConfig                        0x080022b5   Thumb Code    26  stm32f4xx_tim.o(.text)
    TIM_OC3FastConfig                        0x080022cf   Thumb Code    18  stm32f4xx_tim.o(.text)
    TIM_OC4FastConfig                        0x080022e1   Thumb Code    26  stm32f4xx_tim.o(.text)
    TIM_ClearOC1Ref                          0x080022fb   Thumb Code    18  stm32f4xx_tim.o(.text)
    TIM_ClearOC2Ref                          0x0800230d   Thumb Code    24  stm32f4xx_tim.o(.text)
    TIM_ClearOC3Ref                          0x08002325   Thumb Code    18  stm32f4xx_tim.o(.text)
    TIM_ClearOC4Ref                          0x08002337   Thumb Code    24  stm32f4xx_tim.o(.text)
    TIM_OC1PolarityConfig                    0x0800234f   Thumb Code    18  stm32f4xx_tim.o(.text)
    TIM_OC1NPolarityConfig                   0x08002361   Thumb Code    18  stm32f4xx_tim.o(.text)
    TIM_OC2PolarityConfig                    0x08002373   Thumb Code    26  stm32f4xx_tim.o(.text)
    TIM_OC2NPolarityConfig                   0x0800238d   Thumb Code    26  stm32f4xx_tim.o(.text)
    TIM_OC3PolarityConfig                    0x080023a7   Thumb Code    26  stm32f4xx_tim.o(.text)
    TIM_OC3NPolarityConfig                   0x080023c1   Thumb Code    26  stm32f4xx_tim.o(.text)
    TIM_OC4PolarityConfig                    0x080023db   Thumb Code    26  stm32f4xx_tim.o(.text)
    TIM_CCxCmd                               0x080023f5   Thumb Code    30  stm32f4xx_tim.o(.text)
    TIM_CCxNCmd                              0x08002413   Thumb Code    30  stm32f4xx_tim.o(.text)
    TIM_SetIC4Prescaler                      0x08002431   Thumb Code    26  stm32f4xx_tim.o(.text)
    TIM_SetIC3Prescaler                      0x0800249b   Thumb Code    18  stm32f4xx_tim.o(.text)
    TIM_SetIC2Prescaler                      0x080024f5   Thumb Code    26  stm32f4xx_tim.o(.text)
    TIM_SetIC1Prescaler                      0x08002569   Thumb Code    18  stm32f4xx_tim.o(.text)
    TIM_ICInit                               0x080025b5   Thumb Code   110  stm32f4xx_tim.o(.text)
    TIM_ICStructInit                         0x08002623   Thumb Code    18  stm32f4xx_tim.o(.text)
    TIM_PWMIConfig                           0x08002635   Thumb Code   124  stm32f4xx_tim.o(.text)
    TIM_GetCapture1                          0x080026b1   Thumb Code     6  stm32f4xx_tim.o(.text)
    TIM_GetCapture2                          0x080026b7   Thumb Code     6  stm32f4xx_tim.o(.text)
    TIM_GetCapture3                          0x080026bd   Thumb Code     6  stm32f4xx_tim.o(.text)
    TIM_GetCapture4                          0x080026c3   Thumb Code     6  stm32f4xx_tim.o(.text)
    TIM_BDTRConfig                           0x080026c9   Thumb Code    32  stm32f4xx_tim.o(.text)
    TIM_BDTRStructInit                       0x080026e9   Thumb Code    18  stm32f4xx_tim.o(.text)
    TIM_CtrlPWMOutputs                       0x080026fb   Thumb Code    30  stm32f4xx_tim.o(.text)
    TIM_SelectCOM                            0x08002719   Thumb Code    24  stm32f4xx_tim.o(.text)
    TIM_CCPreloadControl                     0x08002731   Thumb Code    24  stm32f4xx_tim.o(.text)
    TIM_ITConfig                             0x08002749   Thumb Code    18  stm32f4xx_tim.o(.text)
    TIM_GenerateEvent                        0x0800275b   Thumb Code     4  stm32f4xx_tim.o(.text)
    TIM_GetFlagStatus                        0x0800275f   Thumb Code    18  stm32f4xx_tim.o(.text)
    TIM_ClearFlag                            0x08002771   Thumb Code     6  stm32f4xx_tim.o(.text)
    TIM_GetITStatus                          0x08002777   Thumb Code    34  stm32f4xx_tim.o(.text)
    TIM_ClearITPendingBit                    0x08002799   Thumb Code     6  stm32f4xx_tim.o(.text)
    TIM_DMAConfig                            0x0800279f   Thumb Code    10  stm32f4xx_tim.o(.text)
    TIM_DMACmd                               0x080027a9   Thumb Code    18  stm32f4xx_tim.o(.text)
    TIM_SelectCCDMA                          0x080027bb   Thumb Code    24  stm32f4xx_tim.o(.text)
    TIM_InternalClockConfig                  0x080027d3   Thumb Code    12  stm32f4xx_tim.o(.text)
    TIM_SelectInputTrigger                   0x080027df   Thumb Code    18  stm32f4xx_tim.o(.text)
    TIM_ITRxExternalClockConfig              0x080027f1   Thumb Code    24  stm32f4xx_tim.o(.text)
    TIM_TIxExternalClockConfig               0x08002809   Thumb Code    62  stm32f4xx_tim.o(.text)
    TIM_ETRConfig                            0x08002847   Thumb Code    28  stm32f4xx_tim.o(.text)
    TIM_ETRClockMode1Config                  0x08002863   Thumb Code    54  stm32f4xx_tim.o(.text)
    TIM_ETRClockMode2Config                  0x08002899   Thumb Code    32  stm32f4xx_tim.o(.text)
    TIM_SelectOutputTrigger                  0x080028b9   Thumb Code    18  stm32f4xx_tim.o(.text)
    TIM_SelectSlaveMode                      0x080028cb   Thumb Code    18  stm32f4xx_tim.o(.text)
    TIM_SelectMasterSlaveMode                0x080028dd   Thumb Code    18  stm32f4xx_tim.o(.text)
    TIM_EncoderInterfaceConfig               0x080028ef   Thumb Code    66  stm32f4xx_tim.o(.text)
    TIM_SelectHallSensor                     0x08002931   Thumb Code    24  stm32f4xx_tim.o(.text)
    TIM_RemapConfig                          0x08002949   Thumb Code     6  stm32f4xx_tim.o(.text)
    SYSCFG_DeInit                            0x08002951   Thumb Code    22  stm32f4xx_syscfg.o(.text)
    SYSCFG_MemoryRemapConfig                 0x08002967   Thumb Code     6  stm32f4xx_syscfg.o(.text)
    SYSCFG_MemorySwappingBank                0x0800296d   Thumb Code     6  stm32f4xx_syscfg.o(.text)
    SYSCFG_EXTILineConfig                    0x08002973   Thumb Code    66  stm32f4xx_syscfg.o(.text)
    SYSCFG_ETH_MediaInterfaceConfig          0x080029b5   Thumb Code     8  stm32f4xx_syscfg.o(.text)
    SYSCFG_CompensationCellCmd               0x080029bd   Thumb Code     6  stm32f4xx_syscfg.o(.text)
    SYSCFG_GetCompensationCellStatus         0x080029c3   Thumb Code    22  stm32f4xx_syscfg.o(.text)
    RCC_DeInit                               0x080029e5   Thumb Code    82  stm32f4xx_rcc.o(.text)
    RCC_HSEConfig                            0x08002a37   Thumb Code    14  stm32f4xx_rcc.o(.text)
    RCC_GetFlagStatus                        0x08002a45   Thumb Code    60  stm32f4xx_rcc.o(.text)
    RCC_WaitForHSEStartUp                    0x08002a81   Thumb Code    56  stm32f4xx_rcc.o(.text)
    RCC_AdjustHSICalibrationValue            0x08002ab9   Thumb Code    20  stm32f4xx_rcc.o(.text)
    RCC_HSICmd                               0x08002acd   Thumb Code     6  stm32f4xx_rcc.o(.text)
    RCC_LSEConfig                            0x08002ad3   Thumb Code    46  stm32f4xx_rcc.o(.text)
    RCC_LSICmd                               0x08002b01   Thumb Code     6  stm32f4xx_rcc.o(.text)
    RCC_PLLConfig                            0x08002b07   Thumb Code    32  stm32f4xx_rcc.o(.text)
    RCC_PLLCmd                               0x08002b27   Thumb Code     6  stm32f4xx_rcc.o(.text)
    RCC_PLLI2SConfig                         0x08002b2d   Thumb Code    14  stm32f4xx_rcc.o(.text)
    RCC_PLLI2SCmd                            0x08002b3b   Thumb Code     6  stm32f4xx_rcc.o(.text)
    RCC_PLLSAIConfig                         0x08002b41   Thumb Code    20  stm32f4xx_rcc.o(.text)
    RCC_PLLSAICmd                            0x08002b55   Thumb Code     6  stm32f4xx_rcc.o(.text)
    RCC_ClockSecuritySystemCmd               0x08002b5b   Thumb Code     6  stm32f4xx_rcc.o(.text)
    RCC_MCO1Config                           0x08002b61   Thumb Code    28  stm32f4xx_rcc.o(.text)
    RCC_MCO2Config                           0x08002b7d   Thumb Code    28  stm32f4xx_rcc.o(.text)
    RCC_SYSCLKConfig                         0x08002b99   Thumb Code    20  stm32f4xx_rcc.o(.text)
    RCC_GetSYSCLKSource                      0x08002bad   Thumb Code    12  stm32f4xx_rcc.o(.text)
    RCC_HCLKConfig                           0x08002bb9   Thumb Code    20  stm32f4xx_rcc.o(.text)
    RCC_PCLK1Config                          0x08002bcd   Thumb Code    20  stm32f4xx_rcc.o(.text)
    RCC_PCLK2Config                          0x08002be1   Thumb Code    22  stm32f4xx_rcc.o(.text)
    RCC_GetClocksFreq                        0x08002bf7   Thumb Code   222  stm32f4xx_rcc.o(.text)
    RCC_RTCCLKConfig                         0x08002cd5   Thumb Code    54  stm32f4xx_rcc.o(.text)
    RCC_RTCCLKCmd                            0x08002d0b   Thumb Code     8  stm32f4xx_rcc.o(.text)
    RCC_BackupResetCmd                       0x08002d13   Thumb Code     8  stm32f4xx_rcc.o(.text)
    RCC_I2SCLKConfig                         0x08002d1b   Thumb Code     6  stm32f4xx_rcc.o(.text)
    RCC_SAIPLLI2SClkDivConfig                0x08002d21   Thumb Code    26  stm32f4xx_rcc.o(.text)
    RCC_SAIPLLSAIClkDivConfig                0x08002d3b   Thumb Code    28  stm32f4xx_rcc.o(.text)
    RCC_SAIBlockACLKConfig                   0x08002d57   Thumb Code    20  stm32f4xx_rcc.o(.text)
    RCC_SAIBlockBCLKConfig                   0x08002d6b   Thumb Code    20  stm32f4xx_rcc.o(.text)
    RCC_LTDCCLKDivConfig                     0x08002d7f   Thumb Code    20  stm32f4xx_rcc.o(.text)
    RCC_TIMCLKPresConfig                     0x08002d93   Thumb Code     6  stm32f4xx_rcc.o(.text)
    RCC_AHB1PeriphClockCmd                   0x08002d99   Thumb Code    34  stm32f4xx_rcc.o(.text)
    RCC_AHB2PeriphClockCmd                   0x08002dbb   Thumb Code    78  stm32f4xx_rcc.o(.text)
    RCC_AHB3PeriphClockCmd                   0x08002e09   Thumb Code    34  stm32f4xx_rcc.o(.text)
    RCC_APB1PeriphClockCmd                   0x08002e2b   Thumb Code    34  stm32f4xx_rcc.o(.text)
    RCC_APB2PeriphClockCmd                   0x08002e4d   Thumb Code    34  stm32f4xx_rcc.o(.text)
    RCC_AHB1PeriphResetCmd                   0x08002e6f   Thumb Code    34  stm32f4xx_rcc.o(.text)
    RCC_AHB2PeriphResetCmd                   0x08002e91   Thumb Code    34  stm32f4xx_rcc.o(.text)
    RCC_AHB3PeriphResetCmd                   0x08002eb3   Thumb Code    34  stm32f4xx_rcc.o(.text)
    RCC_APB1PeriphResetCmd                   0x08002ed5   Thumb Code    34  stm32f4xx_rcc.o(.text)
    RCC_APB2PeriphResetCmd                   0x08002ef7   Thumb Code    34  stm32f4xx_rcc.o(.text)
    RCC_AHB1PeriphClockLPModeCmd             0x08002f19   Thumb Code    34  stm32f4xx_rcc.o(.text)
    RCC_AHB2PeriphClockLPModeCmd             0x08002f3b   Thumb Code    34  stm32f4xx_rcc.o(.text)
    RCC_AHB3PeriphClockLPModeCmd             0x08002f5d   Thumb Code    34  stm32f4xx_rcc.o(.text)
    RCC_APB1PeriphClockLPModeCmd             0x08002f7f   Thumb Code    34  stm32f4xx_rcc.o(.text)
    RCC_APB2PeriphClockLPModeCmd             0x08002fa1   Thumb Code    34  stm32f4xx_rcc.o(.text)
    RCC_LSEModeConfig                        0x08002fc3   Thumb Code    40  stm32f4xx_rcc.o(.text)
    RCC_ITConfig                             0x08002feb   Thumb Code    34  stm32f4xx_rcc.o(.text)
    RCC_ClearFlag                            0x0800300d   Thumb Code    18  stm32f4xx_rcc.o(.text)
    RCC_GetITStatus                          0x0800301f   Thumb Code    22  stm32f4xx_rcc.o(.text)
    RCC_ClearITPendingBit                    0x08003035   Thumb Code     8  stm32f4xx_rcc.o(.text)
    EXTI_DeInit                              0x08003041   Thumb Code    28  stm32f4xx_exti.o(.text)
    EXTI_Init                                0x0800305d   Thumb Code   142  stm32f4xx_exti.o(.text)
    EXTI_StructInit                          0x080030eb   Thumb Code    16  stm32f4xx_exti.o(.text)
    EXTI_GenerateSWInterrupt                 0x080030fb   Thumb Code    16  stm32f4xx_exti.o(.text)
    EXTI_GetFlagStatus                       0x0800310b   Thumb Code    22  stm32f4xx_exti.o(.text)
    EXTI_ClearFlag                           0x08003121   Thumb Code     8  stm32f4xx_exti.o(.text)
    EXTI_GetITStatus                         0x08003129   Thumb Code    22  stm32f4xx_exti.o(.text)
    EXTI_ClearITPendingBit                   0x0800313f   Thumb Code     8  stm32f4xx_exti.o(.text)
    __use_no_semihosting                     0x08003151   Thumb Code     2  use_no_semi_2.o(.text)
    __use_two_region_memory                  0x08003153   Thumb Code     2  heapauxi.o(.text)
    __rt_heap_escrow$2region                 0x08003155   Thumb Code     2  heapauxi.o(.text)
    __rt_heap_expand$2region                 0x08003157   Thumb Code     2  heapauxi.o(.text)
    __I$use$semihosting                      0x08003159   Thumb Code     0  use_no_semi.o(.text)
    __use_no_semihosting_swi                 0x08003159   Thumb Code     2  use_no_semi.o(.text)
    __user_setup_stackheap                   0x0800315b   Thumb Code    74  sys_stackheap_outer.o(.text)
    exit                                     0x080031a5   Thumb Code    18  exit.o(.text)
    __user_libspace                          0x080031b9   Thumb Code     8  libspace.o(.text)
    __user_perproc_libspace                  0x080031b9   Thumb Code     0  libspace.o(.text)
    __user_perthread_libspace                0x080031b9   Thumb Code     0  libspace.o(.text)
    __aeabi_d2f                              0x080031c1   Thumb Code     0  d2f.o(x$fpl$d2f)
    _d2f                                     0x080031c1   Thumb Code    98  d2f.o(x$fpl$d2f)
    __aeabi_dadd                             0x08003225   Thumb Code     0  daddsub_clz.o(x$fpl$dadd)
    _dadd                                    0x08003225   Thumb Code   332  daddsub_clz.o(x$fpl$dadd)
    __fpl_dcmp_Inf                           0x08003375   Thumb Code    24  dcmpi.o(x$fpl$dcmpinf)
    __aeabi_cdcmple                          0x0800338d   Thumb Code     0  dleqf.o(x$fpl$dleqf)
    _dcmple                                  0x0800338d   Thumb Code   120  dleqf.o(x$fpl$dleqf)
    __fpl_dcmple_InfNaN                      0x080033ef   Thumb Code     0  dleqf.o(x$fpl$dleqf)
    __aeabi_dmul                             0x08003405   Thumb Code     0  dmul.o(x$fpl$dmul)
    _dmul                                    0x08003405   Thumb Code   332  dmul.o(x$fpl$dmul)
    __fpl_dnaninf                            0x08003559   Thumb Code   156  dnaninf.o(x$fpl$dnaninf)
    __fpl_dretinf                            0x080035f5   Thumb Code    12  dretinf.o(x$fpl$dretinf)
    __aeabi_cdrcmple                         0x08003601   Thumb Code     0  drleqf.o(x$fpl$drleqf)
    _drcmple                                 0x08003601   Thumb Code   108  drleqf.o(x$fpl$drleqf)
    __aeabi_dsub                             0x0800366d   Thumb Code     0  daddsub_clz.o(x$fpl$dsub)
    _dsub                                    0x0800366d   Thumb Code   464  daddsub_clz.o(x$fpl$dsub)
    __aeabi_f2d                              0x08003841   Thumb Code     0  f2d.o(x$fpl$f2d)
    _f2d                                     0x08003841   Thumb Code    86  f2d.o(x$fpl$f2d)
    __aeabi_fadd                             0x08003899   Thumb Code     0  faddsub_clz.o(x$fpl$fadd)
    _fadd                                    0x08003899   Thumb Code   196  faddsub_clz.o(x$fpl$fadd)
    __fpl_fcmp_Inf                           0x0800395d   Thumb Code    24  fcmpi.o(x$fpl$fcmpinf)
    __aeabi_fdiv                             0x08003975   Thumb Code     0  fdiv.o(x$fpl$fdiv)
    _fdiv                                    0x08003975   Thumb Code   384  fdiv.o(x$fpl$fdiv)
    __aeabi_f2uiz                            0x08003af9   Thumb Code     0  ffixu.o(x$fpl$ffixu)
    _ffixu                                   0x08003af9   Thumb Code    62  ffixu.o(x$fpl$ffixu)
    __aeabi_i2f                              0x08003b39   Thumb Code     0  fflt_clz.o(x$fpl$fflt)
    _fflt                                    0x08003b39   Thumb Code    48  fflt_clz.o(x$fpl$fflt)
    __aeabi_cfcmple                          0x08003b69   Thumb Code     0  fleqf.o(x$fpl$fleqf)
    _fcmple                                  0x08003b69   Thumb Code   104  fleqf.o(x$fpl$fleqf)
    __fpl_fcmple_InfNaN                      0x08003bbb   Thumb Code     0  fleqf.o(x$fpl$fleqf)
    __aeabi_fmul                             0x08003bd1   Thumb Code     0  fmul.o(x$fpl$fmul)
    _fmul                                    0x08003bd1   Thumb Code   258  fmul.o(x$fpl$fmul)
    __fpl_fnaninf                            0x08003cd3   Thumb Code   140  fnaninf.o(x$fpl$fnaninf)
    __fpl_fretinf                            0x08003d5f   Thumb Code    10  fretinf.o(x$fpl$fretinf)
    __aeabi_cfrcmple                         0x08003d69   Thumb Code     0  frleqf.o(x$fpl$frleqf)
    _frcmple                                 0x08003d69   Thumb Code    98  frleqf.o(x$fpl$frleqf)
    __aeabi_fsub                             0x08003dcd   Thumb Code     0  faddsub_clz.o(x$fpl$fsub)
    _fsub                                    0x08003dcd   Thumb Code   234  faddsub_clz.o(x$fpl$fsub)
    __I$use$fp                               0x08003eb6   Number         0  usenofp.o(x$fpl$usenofp)
    Region$$Table$$Base                      0x08003eb8   Number         0  anon$$obj.o(Region$$Table)
    Region$$Table$$Limit                     0x08003ed8   Number         0  anon$$obj.o(Region$$Table)
    time1                                    0x20000000   Data           1  stm32f4xx_it.o(.data)
    SystemCoreClock                          0x20000004   Data           4  system_stm32f4xx.o(.data)
    AHBPrescTable                            0x20000008   Data          16  system_stm32f4xx.o(.data)
    Sensor_Config                            0x20000018   Data         154  bsp_ov7725.o(.data)
    OV7725_REG_NUM                           0x200000b2   Data           1  bsp_ov7725.o(.data)
    Ov7725_vsync                             0x200000b3   Data           1  bsp_ov7725.o(.data)
    current_err                              0x200000b4   Data           4  image_process.o(.data)
    pre_err                                  0x200000b8   Data           4  image_process.o(.data)
    front_flag                               0x200000bc   Data           1  image_process.o(.data)
    final_flag_white                         0x200000bd   Data           1  image_process.o(.data)
    final_flag_black                         0x200000be   Data           1  image_process.o(.data)
    final_white_count                        0x200000bf   Data           1  image_process.o(.data)
    final_black_count                        0x200000c0   Data           1  image_process.o(.data)
    stop_flag                                0x200000c1   Data           1  pid.o(.data)
    __stdout                                 0x200000c8   Data           4  usart.o(.data)
    USART_RX_STA                             0x200000cc   Data           2  usart.o(.data)
    image_data                               0x200000e0   Data       19200  bsp_ov7725.o(.bss)
    mid_line                                 0x20004be0   Data         120  image_process.o(.bss)
    USART_RX_BUF                             0x20004c58   Data         200  usart.o(.bss)
    __libspace_start                         0x20004d20   Data          96  libspace.o(.bss)
    __temporary_stack_top$libspace           0x20004d80   Data           0  libspace.o(.bss)



==============================================================================

Memory Map of the image

  Image Entry point : 0x08000189

  Load Region LR_IROM1 (Base: 0x08000000, Size: 0x00003fb8, Max: 0x00100000, ABSOLUTE)

    Execution Region ER_IROM1 (Base: 0x08000000, Size: 0x00003ed8, Max: 0x00100000, ABSOLUTE)

    Base Addr    Size         Type   Attr      Idx    E Section Name        Object

    0x08000000   0x00000188   Data   RO          641    RESET               startup_stm32f40_41xxx.o
    0x08000188   0x00000008   Code   RO          814  * !!!main             c_w.l(__main.o)
    0x08000190   0x00000034   Code   RO         1024    !!!scatter          c_w.l(__scatter.o)
    0x080001c4   0x0000001a   Code   RO         1026    !!handler_copy      c_w.l(__scatter_copy.o)
    0x080001de   0x00000002   PAD
    0x080001e0   0x0000001c   Code   RO         1028    !!handler_zi        c_w.l(__scatter_zi.o)
    0x080001fc   0x00000002   Code   RO          898    .ARM.Collect$$libinit$$00000000  c_w.l(libinit.o)
    0x080001fe   0x00000000   Code   RO          905    .ARM.Collect$$libinit$$00000002  c_w.l(libinit2.o)
    0x080001fe   0x00000000   Code   RO          907    .ARM.Collect$$libinit$$00000004  c_w.l(libinit2.o)
    0x080001fe   0x00000000   Code   RO          910    .ARM.Collect$$libinit$$0000000A  c_w.l(libinit2.o)
    0x080001fe   0x00000000   Code   RO          912    .ARM.Collect$$libinit$$0000000C  c_w.l(libinit2.o)
    0x080001fe   0x00000000   Code   RO          914    .ARM.Collect$$libinit$$0000000E  c_w.l(libinit2.o)
    0x080001fe   0x00000000   Code   RO          917    .ARM.Collect$$libinit$$00000011  c_w.l(libinit2.o)
    0x080001fe   0x00000000   Code   RO          919    .ARM.Collect$$libinit$$00000013  c_w.l(libinit2.o)
    0x080001fe   0x00000000   Code   RO          921    .ARM.Collect$$libinit$$00000015  c_w.l(libinit2.o)
    0x080001fe   0x00000000   Code   RO          923    .ARM.Collect$$libinit$$00000017  c_w.l(libinit2.o)
    0x080001fe   0x00000000   Code   RO          925    .ARM.Collect$$libinit$$00000019  c_w.l(libinit2.o)
    0x080001fe   0x00000000   Code   RO          927    .ARM.Collect$$libinit$$0000001B  c_w.l(libinit2.o)
    0x080001fe   0x00000000   Code   RO          929    .ARM.Collect$$libinit$$0000001D  c_w.l(libinit2.o)
    0x080001fe   0x00000000   Code   RO          931    .ARM.Collect$$libinit$$0000001F  c_w.l(libinit2.o)
    0x080001fe   0x00000000   Code   RO          933    .ARM.Collect$$libinit$$00000021  c_w.l(libinit2.o)
    0x080001fe   0x00000000   Code   RO          935    .ARM.Collect$$libinit$$00000023  c_w.l(libinit2.o)
    0x080001fe   0x00000000   Code   RO          937    .ARM.Collect$$libinit$$00000025  c_w.l(libinit2.o)
    0x080001fe   0x00000000   Code   RO          941    .ARM.Collect$$libinit$$0000002C  c_w.l(libinit2.o)
    0x080001fe   0x00000000   Code   RO          943    .ARM.Collect$$libinit$$0000002E  c_w.l(libinit2.o)
    0x080001fe   0x00000000   Code   RO          945    .ARM.Collect$$libinit$$00000030  c_w.l(libinit2.o)
    0x080001fe   0x00000000   Code   RO          947    .ARM.Collect$$libinit$$00000032  c_w.l(libinit2.o)
    0x080001fe   0x00000002   Code   RO          948    .ARM.Collect$$libinit$$00000033  c_w.l(libinit2.o)
    0x08000200   0x00000002   Code   RO          966    .ARM.Collect$$libshutdown$$00000000  c_w.l(libshutdown.o)
    0x08000202   0x00000000   Code   RO          976    .ARM.Collect$$libshutdown$$00000002  c_w.l(libshutdown2.o)
    0x08000202   0x00000000   Code   RO          978    .ARM.Collect$$libshutdown$$00000004  c_w.l(libshutdown2.o)
    0x08000202   0x00000000   Code   RO          981    .ARM.Collect$$libshutdown$$00000007  c_w.l(libshutdown2.o)
    0x08000202   0x00000000   Code   RO          984    .ARM.Collect$$libshutdown$$0000000A  c_w.l(libshutdown2.o)
    0x08000202   0x00000000   Code   RO          986    .ARM.Collect$$libshutdown$$0000000C  c_w.l(libshutdown2.o)
    0x08000202   0x00000000   Code   RO          989    .ARM.Collect$$libshutdown$$0000000F  c_w.l(libshutdown2.o)
    0x08000202   0x00000002   Code   RO          990    .ARM.Collect$$libshutdown$$00000010  c_w.l(libshutdown2.o)
    0x08000204   0x00000000   Code   RO          860    .ARM.Collect$$rtentry$$00000000  c_w.l(__rtentry.o)
    0x08000204   0x00000000   Code   RO          875    .ARM.Collect$$rtentry$$00000002  c_w.l(__rtentry2.o)
    0x08000204   0x00000006   Code   RO          887    .ARM.Collect$$rtentry$$00000004  c_w.l(__rtentry4.o)
    0x0800020a   0x00000000   Code   RO          877    .ARM.Collect$$rtentry$$00000009  c_w.l(__rtentry2.o)
    0x0800020a   0x00000004   Code   RO          878    .ARM.Collect$$rtentry$$0000000A  c_w.l(__rtentry2.o)
    0x0800020e   0x00000000   Code   RO          880    .ARM.Collect$$rtentry$$0000000C  c_w.l(__rtentry2.o)
    0x0800020e   0x00000008   Code   RO          881    .ARM.Collect$$rtentry$$0000000D  c_w.l(__rtentry2.o)
    0x08000216   0x00000002   Code   RO          902    .ARM.Collect$$rtexit$$00000000  c_w.l(rtexit.o)
    0x08000218   0x00000000   Code   RO          950    .ARM.Collect$$rtexit$$00000002  c_w.l(rtexit2.o)
    0x08000218   0x00000004   Code   RO          951    .ARM.Collect$$rtexit$$00000003  c_w.l(rtexit2.o)
    0x0800021c   0x00000006   Code   RO          952    .ARM.Collect$$rtexit$$00000004  c_w.l(rtexit2.o)
    0x08000222   0x00000002   PAD
    0x08000224   0x00000094   Code   RO            3    .text               main.o
    0x080002b8   0x000000f4   Code   RO          163    .text               stm32f4xx_it.o
    0x080003ac   0x00000200   Code   RO          223    .text               system_stm32f4xx.o
    0x080005ac   0x0000003c   Code   RO          346    .text               led.o
    0x080005e8   0x000001e0   Code   RO          398    .text               pwm.o
    0x080007c8   0x00000398   Code   RO          428    .text               bsp_ov7725.o
    0x08000b60   0x00000274   Code   RO          452    .text               bsp_sccb.o
    0x08000dd4   0x0000005c   Code   RO          475    .text               timer.o
    0x08000e30   0x00000284   Code   RO          498    .text               image_process.o
    0x080010b4   0x00000184   Code   RO          546    .text               pid.o
    0x08001238   0x00000104   Code   RO          570    .text               delay.o
    0x0800133c   0x00000168   Code   RO          610    .text               usart.o
    0x080014a4   0x00000040   Code   RO          642    .text               startup_stm32f40_41xxx.o
    0x080014e4   0x000000e0   Code   RO          648    .text               misc.o
    0x080015c4   0x00000294   Code   RO          668    .text               stm32f4xx_gpio.o
    0x08001858   0x00000454   Code   RO          688    .text               stm32f4xx_usart.o
    0x08001cac   0x00000ca2   Code   RO          708    .text               stm32f4xx_tim.o
    0x0800294e   0x00000002   PAD
    0x08002950   0x00000094   Code   RO          728    .text               stm32f4xx_syscfg.o
    0x080029e4   0x0000065c   Code   RO          748    .text               stm32f4xx_rcc.o
    0x08003040   0x00000110   Code   RO          790    .text               stm32f4xx_exti.o
    0x08003150   0x00000002   Code   RO          810    .text               c_w.l(use_no_semi_2.o)
    0x08003152   0x00000006   Code   RO          812    .text               c_w.l(heapauxi.o)
    0x08003158   0x00000002   Code   RO          858    .text               c_w.l(use_no_semi.o)
    0x0800315a   0x0000004a   Code   RO          889    .text               c_w.l(sys_stackheap_outer.o)
    0x080031a4   0x00000012   Code   RO          891    .text               c_w.l(exit.o)
    0x080031b6   0x00000002   PAD
    0x080031b8   0x00000008   Code   RO          899    .text               c_w.l(libspace.o)
    0x080031c0   0x00000062   Code   RO          816    x$fpl$d2f           fz_ws.l(d2f.o)
    0x08003222   0x00000002   PAD
    0x08003224   0x00000150   Code   RO          818    x$fpl$dadd          fz_ws.l(daddsub_clz.o)
    0x08003374   0x00000018   Code   RO          861    x$fpl$dcmpinf       fz_ws.l(dcmpi.o)
    0x0800338c   0x00000078   Code   RO          824    x$fpl$dleqf         fz_ws.l(dleqf.o)
    0x08003404   0x00000154   Code   RO          826    x$fpl$dmul          fz_ws.l(dmul.o)
    0x08003558   0x0000009c   Code   RO          863    x$fpl$dnaninf       fz_ws.l(dnaninf.o)
    0x080035f4   0x0000000c   Code   RO          865    x$fpl$dretinf       fz_ws.l(dretinf.o)
    0x08003600   0x0000006c   Code   RO          828    x$fpl$drleqf        fz_ws.l(drleqf.o)
    0x0800366c   0x000001d4   Code   RO          820    x$fpl$dsub          fz_ws.l(daddsub_clz.o)
    0x08003840   0x00000056   Code   RO          830    x$fpl$f2d           fz_ws.l(f2d.o)
    0x08003896   0x00000002   PAD
    0x08003898   0x000000c4   Code   RO          832    x$fpl$fadd          fz_ws.l(faddsub_clz.o)
    0x0800395c   0x00000018   Code   RO          867    x$fpl$fcmpinf       fz_ws.l(fcmpi.o)
    0x08003974   0x00000184   Code   RO          839    x$fpl$fdiv          fz_ws.l(fdiv.o)
    0x08003af8   0x0000003e   Code   RO          842    x$fpl$ffixu         fz_ws.l(ffixu.o)
    0x08003b36   0x00000002   PAD
    0x08003b38   0x00000030   Code   RO          847    x$fpl$fflt          fz_ws.l(fflt_clz.o)
    0x08003b68   0x00000068   Code   RO          852    x$fpl$fleqf         fz_ws.l(fleqf.o)
    0x08003bd0   0x00000102   Code   RO          854    x$fpl$fmul          fz_ws.l(fmul.o)
    0x08003cd2   0x0000008c   Code   RO          869    x$fpl$fnaninf       fz_ws.l(fnaninf.o)
    0x08003d5e   0x0000000a   Code   RO          871    x$fpl$fretinf       fz_ws.l(fretinf.o)
    0x08003d68   0x00000062   Code   RO          856    x$fpl$frleqf        fz_ws.l(frleqf.o)
    0x08003dca   0x00000002   PAD
    0x08003dcc   0x000000ea   Code   RO          834    x$fpl$fsub          fz_ws.l(faddsub_clz.o)
    0x08003eb6   0x00000000   Code   RO          873    x$fpl$usenofp       fz_ws.l(usenofp.o)
    0x08003eb6   0x00000002   PAD
    0x08003eb8   0x00000020   Data   RO         1022    Region$$Table       anon$$obj.o


    Execution Region RW_IRAM1 (Base: 0x20000000, Size: 0x00005380, Max: 0x00020000, ABSOLUTE)

    Base Addr    Size         Type   Attr      Idx    E Section Name        Object

    0x20000000   0x00000001   Data   RW          164    .data               stm32f4xx_it.o
    0x20000001   0x00000003   PAD
    0x20000004   0x00000014   Data   RW          224    .data               system_stm32f4xx.o
    0x20000018   0x0000009c   Data   RW          430    .data               bsp_ov7725.o
    0x200000b4   0x0000000d   Data   RW          500    .data               image_process.o
    0x200000c1   0x00000001   Data   RW          547    .data               pid.o
    0x200000c2   0x00000004   Data   RW          571    .data               delay.o
    0x200000c6   0x00000002   PAD
    0x200000c8   0x00000006   Data   RW          612    .data               usart.o
    0x200000ce   0x00000010   Data   RW          749    .data               stm32f4xx_rcc.o
    0x200000de   0x00000002   PAD
    0x200000e0   0x00004b00   Zero   RW          429    .bss                bsp_ov7725.o
    0x20004be0   0x00000078   Zero   RW          499    .bss                image_process.o
    0x20004c58   0x000000c8   Zero   RW          611    .bss                usart.o
    0x20004d20   0x00000060   Zero   RW          900    .bss                c_w.l(libspace.o)
    0x20004d80   0x00000200   Zero   RW          640    HEAP                startup_stm32f40_41xxx.o
    0x20004f80   0x00000400   Zero   RW          639    STACK               startup_stm32f40_41xxx.o


==============================================================================

Image component sizes


      Code (inc. data)   RO Data    RW Data    ZI Data      Debug   Object Name

       920         32          0        156      19200       3099   bsp_ov7725.o
       628         12          0          0          0       2019   bsp_sccb.o
       260          8          0          4          0       1313   delay.o
       644         50          0         13        120       2493   image_process.o
        60          6          0          0          0     231927   led.o
       148          8          0          0          0     243575   main.o
       224         20          0          0          0       1705   misc.o
       388         74          0          1          0       1573   pid.o
       480         12          0          0          0       2086   pwm.o
        64         26        392          0       1536        776   startup_stm32f40_41xxx.o
       272         10          0          0          0       2127   stm32f4xx_exti.o
       660         44          0          0          0       3897   stm32f4xx_gpio.o
       244         26          0          1          0     229448   stm32f4xx_it.o
      1628         52          0         16          0      12816   stm32f4xx_rcc.o
       148         12          0          0          0       1641   stm32f4xx_syscfg.o
      3234         60          0          0          0      22752   stm32f4xx_tim.o
      1108         34          0          0          0       7620   stm32f4xx_usart.o
       512         44          0         20          0      49427   system_stm32f4xx.o
        92          4          0          0          0        634   timer.o
       360         18          0          6        200       3337   usart.o

    ----------------------------------------------------------------------
     12076        552        424        224      21056     824265   Object Totals
         0          0         32          0          0          0   (incl. Generated)
         2          0          0          7          0          0   (incl. Padding)

    ----------------------------------------------------------------------

      Code (inc. data)   RO Data    RW Data    ZI Data      Debug   Library Member Name

         8          0          0          0          0         68   __main.o
         0          0          0          0          0          0   __rtentry.o
        12          0          0          0          0          0   __rtentry2.o
         6          0          0          0          0          0   __rtentry4.o
        52          8          0          0          0          0   __scatter.o
        26          0          0          0          0          0   __scatter_copy.o
        28          0          0          0          0          0   __scatter_zi.o
        18          0          0          0          0         80   exit.o
         6          0          0          0          0        152   heapauxi.o
         2          0          0          0          0          0   libinit.o
         2          0          0          0          0          0   libinit2.o
         2          0          0          0          0          0   libshutdown.o
         2          0          0          0          0          0   libshutdown2.o
         8          4          0          0         96         68   libspace.o
         2          0          0          0          0          0   rtexit.o
        10          0          0          0          0          0   rtexit2.o
        74          0          0          0          0         80   sys_stackheap_outer.o
         2          0          0          0          0         68   use_no_semi.o
         2          0          0          0          0         68   use_no_semi_2.o
        98          4          0          0          0         92   d2f.o
       804         16          0          0          0        272   daddsub_clz.o
        24          0          0          0          0         68   dcmpi.o
       120          4          0          0          0         92   dleqf.o
       340         12          0          0          0        104   dmul.o
       156          4          0          0          0         92   dnaninf.o
        12          0          0          0          0         68   dretinf.o
       108          0          0          0          0         80   drleqf.o
        86          4          0          0          0         84   f2d.o
       430          8          0          0          0        168   faddsub_clz.o
        24          0          0          0          0         68   fcmpi.o
       388         76          0          0          0         96   fdiv.o
        62          4          0          0          0         84   ffixu.o
        48          0          0          0          0         68   fflt_clz.o
       104          4          0          0          0         84   fleqf.o
       258          4          0          0          0         84   fmul.o
       140          4          0          0          0         84   fnaninf.o
        10          0          0          0          0         68   fretinf.o
        98          0          0          0          0         68   frleqf.o
         0          0          0          0          0          0   usenofp.o

    ----------------------------------------------------------------------
      3588        156          0          0         96       2408   Library Totals
        16          0          0          0          0          0   (incl. Padding)

    ----------------------------------------------------------------------

      Code (inc. data)   RO Data    RW Data    ZI Data      Debug   Library Name

       262         12          0          0         96        584   c_w.l
      3310        144          0          0          0       1824   fz_ws.l

    ----------------------------------------------------------------------
      3588        156          0          0         96       2408   Library Totals

    ----------------------------------------------------------------------

==============================================================================


      Code (inc. data)   RO Data    RW Data    ZI Data      Debug   

     15664        708        424        224      21152     823913   Grand Totals
     15664        708        424        224      21152     823913   ELF Image Totals
     15664        708        424        224          0          0   ROM Totals

==============================================================================

    Total RO  Size (Code + RO Data)                16088 (  15.71kB)
    Total RW  Size (RW Data + ZI Data)             21376 (  20.88kB)
    Total ROM Size (Code + RO Data + RW Data)      16312 (  15.93kB)

==============================================================================

